Component: ARM Compiler 5.06 update 7 (build 960) Tool: armlink [4d3601]

==============================================================================

Section Cross References

    main2.o(.text) refers to stm32f0xx_rcc.o(.text) for RCC_APB2PeriphClockCmd
    main2.o(.text) refers to stm32f0xx_adc.o(.text) for ADC_Init
    main2.o(.text) refers to stm32f0xx_tim.o(.text) for TIM_TimeBaseInit
    main2.o(.text) refers to stm32f0xx_misc.o(.text) for NVIC_Init
    main2.o(.text) refers to memseta.o(.text) for __aeabi_memclr4
    main2.o(.text) refers to stm32f0xx_spi.o(.text) for SPI_Init
    main2.o(.text) refers to stm32f0xx_gpio.o(.text) for GPIO_Init
    main2.o(.text) refers to stm32f0_discovery.o(.text) for STM_EVAL_LEDInit
    main2.o(.text) refers to helper.o(.text) for USART_Setup
    main2.o(.text) refers to stm32f0xx_dma.o(.text) for DMA_DeInit
    main2.o(.text) refers to stm32f0xx_usart.o(.text) for USART_DMACmd
    main2.o(.text) refers to uidiv.o(.text) for __aeabi_uidivmod
    main2.o(.text) refers to main2.o(.bss) for .bss
    main2.o(.text) refers to system_stm32f0xx.o(.data) for SystemCoreClock
    main2.o(.text) refers to main2.o(.data) for .data
    helper.o(.text) refers to stm32f0xx_rcc.o(.text) for RCC_AHBPeriphClockCmd
    helper.o(.text) refers to stm32f0xx_gpio.o(.text) for GPIO_PinAFConfig
    helper.o(.text) refers to stm32f0xx_usart.o(.text) for USART_StructInit
    helper.o(.text) refers to idiv.o(.text) for __aeabi_idivmod
    helper.o(.text) refers to helper.o(.data) for .data
    stm32f0xx_it.o(.text) refers to helper.o(.text) for TimingDelay_Decrement
    stm32f0xx_it.o(.text) refers to stm32f0xx_dma.o(.text) for DMA_GetITStatus
    stm32f0xx_it.o(.text) refers to stm32f0xx_tim.o(.text) for TIM_GetITStatus
    stm32f0xx_it.o(.text) refers to stm32f0xx_adc.o(.text) for ADC_GetConversionValue
    stm32f0xx_it.o(.text) refers to stm32f0xx_it.o(.data) for .data
    stm32f0xx_it.o(.text) refers to main2.o(.data) for adc
    stm32f0_discovery.o(.text) refers to stm32f0xx_rcc.o(.text) for RCC_AHBPeriphClockCmd
    stm32f0_discovery.o(.text) refers to stm32f0xx_gpio.o(.text) for GPIO_Init
    stm32f0_discovery.o(.text) refers to stm32f0xx_syscfg.o(.text) for SYSCFG_EXTILineConfig
    stm32f0_discovery.o(.text) refers to stm32f0xx_exti.o(.text) for EXTI_Init
    stm32f0_discovery.o(.text) refers to stm32f0xx_misc.o(.text) for NVIC_Init
    stm32f0_discovery.o(.text) refers to stm32f0_discovery.o(.constdata) for .constdata
    stm32f0_discovery.o(.text) refers to stm32f0_discovery.o(.data) for .data
    stm32f0xx_dac.o(.text) refers to stm32f0xx_rcc.o(.text) for RCC_APB1PeriphResetCmd
    stm32f0xx_gpio.o(.text) refers to stm32f0xx_rcc.o(.text) for RCC_AHBPeriphResetCmd
    stm32f0xx_rcc.o(.text) refers to uidiv.o(.text) for __aeabi_uidivmod
    stm32f0xx_rcc.o(.text) refers to stm32f0xx_rcc.o(.data) for .data
    stm32f0xx_tim.o(.text) refers to stm32f0xx_rcc.o(.text) for RCC_APB1PeriphResetCmd
    stm32f0xx_usart.o(.text) refers to stm32f0xx_rcc.o(.text) for RCC_APB2PeriphResetCmd
    stm32f0xx_usart.o(.text) refers to uidiv.o(.text) for __aeabi_uidivmod
    stm32f0xx_adc.o(.text) refers to stm32f0xx_rcc.o(.text) for RCC_APB2PeriphResetCmd
    stm32f0xx_spi.o(.text) refers to stm32f0xx_rcc.o(.text) for RCC_APB2PeriphResetCmd
    stm32f0xx_spi.o(.text) refers to uidiv.o(.text) for __aeabi_uidivmod
    startup_stm32f0xx.o(RESET) refers to startup_stm32f0xx.o(STACK) for __initial_sp
    startup_stm32f0xx.o(RESET) refers to startup_stm32f0xx.o(.text) for Reset_Handler
    startup_stm32f0xx.o(RESET) refers to stm32f0xx_it.o(.text) for NMI_Handler
    startup_stm32f0xx.o(.text) refers to system_stm32f0xx.o(.text) for SystemInit
    startup_stm32f0xx.o(.text) refers to entry.o(.ARM.Collect$$$$00000000) for __main
    system_stm32f0xx.o(.text) refers to uidiv.o(.text) for __aeabi_uidivmod
    system_stm32f0xx.o(.text) refers to system_stm32f0xx.o(.data) for .data
    entry.o(.ARM.Collect$$$$00000000) refers (Special) to entry10a.o(.ARM.Collect$$$$0000000F) for __rt_final_cpp
    entry.o(.ARM.Collect$$$$00000000) refers (Special) to entry11a.o(.ARM.Collect$$$$00000011) for __rt_final_exit
    entry.o(.ARM.Collect$$$$00000000) refers (Special) to entry12b.o(.ARM.Collect$$$$0000000E) for __rt_lib_shutdown_fini
    entry.o(.ARM.Collect$$$$00000000) refers (Special) to entry7b.o(.ARM.Collect$$$$00000008) for _main_clock
    entry.o(.ARM.Collect$$$$00000000) refers (Special) to entry8b.o(.ARM.Collect$$$$0000000A) for _main_cpp_init
    entry.o(.ARM.Collect$$$$00000000) refers (Special) to entry9a.o(.ARM.Collect$$$$0000000B) for _main_init
    entry.o(.ARM.Collect$$$$00000000) refers (Special) to entry5.o(.ARM.Collect$$$$00000004) for _main_scatterload
    entry.o(.ARM.Collect$$$$00000000) refers (Special) to entry2.o(.ARM.Collect$$$$00000001) for _main_stk
    idiv.o(.text) refers to uidiv.o(.text) for __aeabi_uidivmod
    entry2.o(.ARM.Collect$$$$00000001) refers to entry2.o(.ARM.Collect$$$$00002712) for __lit__00000000
    entry2.o(.ARM.Collect$$$$00002712) refers to startup_stm32f0xx.o(STACK) for __initial_sp
    entry2.o(__vectab_stack_and_reset_area) refers to startup_stm32f0xx.o(STACK) for __initial_sp
    entry2.o(__vectab_stack_and_reset_area) refers to entry.o(.ARM.Collect$$$$00000000) for __main
    entry5.o(.ARM.Collect$$$$00000004) refers to init.o(.text) for __scatterload
    entry9a.o(.ARM.Collect$$$$0000000B) refers to main2.o(.text) for main
    entry9b.o(.ARM.Collect$$$$0000000C) refers to main2.o(.text) for main
    init.o(.text) refers to entry5.o(.ARM.Collect$$$$00000004) for __main_after_scatterload


==============================================================================

Removing Unused input sections from the image.

    Removing main2.o(.emb_text), (8 bytes).
    Removing main2.o(.data), (7 bytes).
    Removing helper.o(.emb_text), (8 bytes).
    Removing stm32f0xx_it.o(.emb_text), (8 bytes).
    Removing stm32f0xx_it.o(.bss), (10 bytes).
    Removing stm32f0_discovery.o(.emb_text), (8 bytes).
    Removing stm32f0xx_dac.o(.emb_text), (8 bytes).
    Removing stm32f0xx_dac.o(.text), (244 bytes).
    Removing stm32f0xx_dma.o(.emb_text), (8 bytes).
    Removing stm32f0xx_exti.o(.emb_text), (8 bytes).
    Removing stm32f0xx_gpio.o(.emb_text), (8 bytes).
    Removing stm32f0xx_misc.o(.emb_text), (8 bytes).
    Removing stm32f0xx_rcc.o(.emb_text), (8 bytes).
    Removing stm32f0xx_syscfg.o(.emb_text), (8 bytes).
    Removing stm32f0xx_tim.o(.emb_text), (8 bytes).
    Removing stm32f0xx_usart.o(.emb_text), (8 bytes).
    Removing stm32f0xx_adc.o(.emb_text), (8 bytes).
    Removing stm32f0xx_spi.o(.emb_text), (8 bytes).
    Removing startup_stm32f0xx.o(HEAP), (512 bytes).
    Removing system_stm32f0xx.o(.emb_text), (8 bytes).

20 unused section(s) (total 901 bytes) removed from the image.

==============================================================================

Image Symbol Table

    Local Symbols

    Symbol Name                              Value     Ov Type        Size  Object(Section)

    ../clib/microlib/division.c              0x00000000   Number         0  idiv.o ABSOLUTE
    ../clib/microlib/division.c              0x00000000   Number         0  uidiv.o ABSOLUTE
    ../clib/microlib/init/entry.s            0x00000000   Number         0  entry8b.o ABSOLUTE
    ../clib/microlib/init/entry.s            0x00000000   Number         0  entry10a.o ABSOLUTE
    ../clib/microlib/init/entry.s            0x00000000   Number         0  entry9b.o ABSOLUTE
    ../clib/microlib/init/entry.s            0x00000000   Number         0  entry9a.o ABSOLUTE
    ../clib/microlib/init/entry.s            0x00000000   Number         0  entry8a.o ABSOLUTE
    ../clib/microlib/init/entry.s            0x00000000   Number         0  entry7b.o ABSOLUTE
    ../clib/microlib/init/entry.s            0x00000000   Number         0  entry.o ABSOLUTE
    ../clib/microlib/init/entry.s            0x00000000   Number         0  entry7a.o ABSOLUTE
    ../clib/microlib/init/entry.s            0x00000000   Number         0  entry10b.o ABSOLUTE
    ../clib/microlib/init/entry.s            0x00000000   Number         0  entry5.o ABSOLUTE
    ../clib/microlib/init/entry.s            0x00000000   Number         0  entry2.o ABSOLUTE
    ../clib/microlib/init/entry.s            0x00000000   Number         0  entry11a.o ABSOLUTE
    ../clib/microlib/init/entry.s            0x00000000   Number         0  entry11b.o ABSOLUTE
    ../clib/microlib/init/entry.s            0x00000000   Number         0  entry12a.o ABSOLUTE
    ../clib/microlib/init/entry.s            0x00000000   Number         0  entry12b.o ABSOLUTE
    ../clib/microlib/string/memset.c         0x00000000   Number         0  memseta.o ABSOLUTE
    ..\..\libraries\STM32F0xx_StdPeriph_Driver\src\stm32f0xx_adc.c 0x00000000   Number         0  stm32f0xx_adc.o ABSOLUTE
    ..\..\libraries\STM32F0xx_StdPeriph_Driver\src\stm32f0xx_dac.c 0x00000000   Number         0  stm32f0xx_dac.o ABSOLUTE
    ..\..\libraries\STM32F0xx_StdPeriph_Driver\src\stm32f0xx_dma.c 0x00000000   Number         0  stm32f0xx_dma.o ABSOLUTE
    ..\..\libraries\STM32F0xx_StdPeriph_Driver\src\stm32f0xx_exti.c 0x00000000   Number         0  stm32f0xx_exti.o ABSOLUTE
    ..\..\libraries\STM32F0xx_StdPeriph_Driver\src\stm32f0xx_gpio.c 0x00000000   Number         0  stm32f0xx_gpio.o ABSOLUTE
    ..\..\libraries\STM32F0xx_StdPeriph_Driver\src\stm32f0xx_misc.c 0x00000000   Number         0  stm32f0xx_misc.o ABSOLUTE
    ..\..\libraries\STM32F0xx_StdPeriph_Driver\src\stm32f0xx_rcc.c 0x00000000   Number         0  stm32f0xx_rcc.o ABSOLUTE
    ..\..\libraries\STM32F0xx_StdPeriph_Driver\src\stm32f0xx_spi.c 0x00000000   Number         0  stm32f0xx_spi.o ABSOLUTE
    ..\..\libraries\STM32F0xx_StdPeriph_Driver\src\stm32f0xx_syscfg.c 0x00000000   Number         0  stm32f0xx_syscfg.o ABSOLUTE
    ..\..\libraries\STM32F0xx_StdPeriph_Driver\src\stm32f0xx_tim.c 0x00000000   Number         0  stm32f0xx_tim.o ABSOLUTE
    ..\..\libraries\STM32F0xx_StdPeriph_Driver\src\stm32f0xx_usart.c 0x00000000   Number         0  stm32f0xx_usart.o ABSOLUTE
    ..\..\utilities\STM32F0-Discovery\stm32f0_discovery.c 0x00000000   Number         0  stm32f0_discovery.o ABSOLUTE
    ..\\..\\libraries\\STM32F0xx_StdPeriph_Driver\\src\\stm32f0xx_adc.c 0x00000000   Number         0  stm32f0xx_adc.o ABSOLUTE
    ..\\..\\libraries\\STM32F0xx_StdPeriph_Driver\\src\\stm32f0xx_dac.c 0x00000000   Number         0  stm32f0xx_dac.o ABSOLUTE
    ..\\..\\libraries\\STM32F0xx_StdPeriph_Driver\\src\\stm32f0xx_dma.c 0x00000000   Number         0  stm32f0xx_dma.o ABSOLUTE
    ..\\..\\libraries\\STM32F0xx_StdPeriph_Driver\\src\\stm32f0xx_exti.c 0x00000000   Number         0  stm32f0xx_exti.o ABSOLUTE
    ..\\..\\libraries\\STM32F0xx_StdPeriph_Driver\\src\\stm32f0xx_gpio.c 0x00000000   Number         0  stm32f0xx_gpio.o ABSOLUTE
    ..\\..\\libraries\\STM32F0xx_StdPeriph_Driver\\src\\stm32f0xx_misc.c 0x00000000   Number         0  stm32f0xx_misc.o ABSOLUTE
    ..\\..\\libraries\\STM32F0xx_StdPeriph_Driver\\src\\stm32f0xx_rcc.c 0x00000000   Number         0  stm32f0xx_rcc.o ABSOLUTE
    ..\\..\\libraries\\STM32F0xx_StdPeriph_Driver\\src\\stm32f0xx_spi.c 0x00000000   Number         0  stm32f0xx_spi.o ABSOLUTE
    ..\\..\\libraries\\STM32F0xx_StdPeriph_Driver\\src\\stm32f0xx_syscfg.c 0x00000000   Number         0  stm32f0xx_syscfg.o ABSOLUTE
    ..\\..\\libraries\\STM32F0xx_StdPeriph_Driver\\src\\stm32f0xx_tim.c 0x00000000   Number         0  stm32f0xx_tim.o ABSOLUTE
    ..\\..\\libraries\\STM32F0xx_StdPeriph_Driver\\src\\stm32f0xx_usart.c 0x00000000   Number         0  stm32f0xx_usart.o ABSOLUTE
    ..\\..\\utilities\\STM32F0-Discovery\\stm32f0_discovery.c 0x00000000   Number         0  stm32f0_discovery.o ABSOLUTE
    dc.s                                     0x00000000   Number         0  dc.o ABSOLUTE
    handlers.s                               0x00000000   Number         0  handlers.o ABSOLUTE
    init.s                                   0x00000000   Number         0  init.o ABSOLUTE
    src\\helper.c                            0x00000000   Number         0  helper.o ABSOLUTE
    src\\main2.c                             0x00000000   Number         0  main2.o ABSOLUTE
    src\\stm32f0xx_it.c                      0x00000000   Number         0  stm32f0xx_it.o ABSOLUTE
    src\helper.c                             0x00000000   Number         0  helper.o ABSOLUTE
    src\main2.c                              0x00000000   Number         0  main2.o ABSOLUTE
    src\stm32f0xx_it.c                       0x00000000   Number         0  stm32f0xx_it.o ABSOLUTE
    startup\\system_stm32f0xx.c              0x00000000   Number         0  system_stm32f0xx.o ABSOLUTE
    startup\startup_stm32f0xx.s              0x00000000   Number         0  startup_stm32f0xx.o ABSOLUTE
    startup\system_stm32f0xx.c               0x00000000   Number         0  system_stm32f0xx.o ABSOLUTE
    RESET                                    0x08000000   Section      192  startup_stm32f0xx.o(RESET)
    .ARM.Collect$$$$00000000                 0x080000c0   Section        0  entry.o(.ARM.Collect$$$$00000000)
    .ARM.Collect$$$$00000001                 0x080000c0   Section        4  entry2.o(.ARM.Collect$$$$00000001)
    .ARM.Collect$$$$00000004                 0x080000c4   Section        4  entry5.o(.ARM.Collect$$$$00000004)
    .ARM.Collect$$$$00000008                 0x080000c8   Section        0  entry7b.o(.ARM.Collect$$$$00000008)
    .ARM.Collect$$$$0000000A                 0x080000c8   Section        0  entry8b.o(.ARM.Collect$$$$0000000A)
    .ARM.Collect$$$$0000000B                 0x080000c8   Section        8  entry9a.o(.ARM.Collect$$$$0000000B)
    .ARM.Collect$$$$0000000E                 0x080000d0   Section        4  entry12b.o(.ARM.Collect$$$$0000000E)
    .ARM.Collect$$$$0000000F                 0x080000d4   Section        0  entry10a.o(.ARM.Collect$$$$0000000F)
    .ARM.Collect$$$$00000011                 0x080000d4   Section        0  entry11a.o(.ARM.Collect$$$$00000011)
    .ARM.Collect$$$$00002712                 0x080000d4   Section        4  entry2.o(.ARM.Collect$$$$00002712)
    __lit__00000000                          0x080000d4   Data           4  entry2.o(.ARM.Collect$$$$00002712)
    .text                                    0x080000d8   Section        0  main2.o(.text)
    .text                                    0x08000564   Section        0  helper.o(.text)
    .text                                    0x08000724   Section        0  stm32f0xx_it.o(.text)
    .text                                    0x08000780   Section        0  stm32f0_discovery.o(.text)
    .text                                    0x0800089c   Section        0  stm32f0xx_dma.o(.text)
    .text                                    0x080009c0   Section        0  stm32f0xx_exti.o(.text)
    .text                                    0x08000a94   Section        0  stm32f0xx_gpio.o(.text)
    .text                                    0x08000bf0   Section        0  stm32f0xx_misc.o(.text)
    .text                                    0x08000c6c   Section        0  stm32f0xx_rcc.o(.text)
    .text                                    0x08001078   Section        0  stm32f0xx_syscfg.o(.text)
    .text                                    0x08001110   Section        0  stm32f0xx_tim.o(.text)
    TI2_Config                               0x080016f5   Thumb Code    42  stm32f0xx_tim.o(.text)
    TI1_Config                               0x0800172f   Thumb Code    40  stm32f0xx_tim.o(.text)
    .text                                    0x08001a2c   Section        0  stm32f0xx_usart.o(.text)
    .text                                    0x08001e90   Section        0  stm32f0xx_adc.o(.text)
    .text                                    0x080020b4   Section        0  stm32f0xx_spi.o(.text)
    .text                                    0x080023a8   Section       28  startup_stm32f0xx.o(.text)
    .text                                    0x080023c4   Section        0  system_stm32f0xx.o(.text)
    SetSysClock                              0x08002473   Thumb Code   142  system_stm32f0xx.o(.text)
    .text                                    0x0800251c   Section        0  uidiv.o(.text)
    .text                                    0x08002548   Section        0  idiv.o(.text)
    .text                                    0x08002570   Section        0  memseta.o(.text)
    .text                                    0x08002594   Section       36  init.o(.text)
    i.__scatterload_copy                     0x080025b8   Section       14  handlers.o(i.__scatterload_copy)
    i.__scatterload_null                     0x080025c6   Section        2  handlers.o(i.__scatterload_null)
    i.__scatterload_zeroinit                 0x080025c8   Section       14  handlers.o(i.__scatterload_zeroinit)
    .constdata                               0x080025d8   Section       28  stm32f0_discovery.o(.constdata)
    .data                                    0x20000000   Section       10  main2.o(.data)
    .data                                    0x2000000c   Section        4  helper.o(.data)
    TimingDelay                              0x2000000c   Data           4  helper.o(.data)
    .data                                    0x20000010   Section        4  stm32f0xx_it.o(.data)
    .data                                    0x20000014   Section       12  stm32f0_discovery.o(.data)
    .data                                    0x20000020   Section       16  stm32f0xx_rcc.o(.data)
    APBAHBPrescTable                         0x20000020   Data          16  stm32f0xx_rcc.o(.data)
    .data                                    0x20000030   Section       20  system_stm32f0xx.o(.data)
    .bss                                     0x20000044   Section       11  main2.o(.bss)
    STACK                                    0x20000050   Section     1024  startup_stm32f0xx.o(STACK)

    Global Symbols

    Symbol Name                              Value     Ov Type        Size  Object(Section)

    BuildAttributes$$THM_ISAv3M$S$PE$A:L22$X:L11$S22$IEEE1$IW$USESV6$~STKCKD$USESV7$~SHL$OSPACE$EBA8$MICROLIB$REQ8$PRES8$EABIv2 0x00000000   Number         0  anon$$obj.o ABSOLUTE
    __ARM_use_no_argv                        0x00000000   Number         0  main2.o ABSOLUTE
    __arm_fini_                               - Undefined Weak Reference
    __cpp_initialize__aeabi_                  - Undefined Weak Reference
    __cxa_finalize                            - Undefined Weak Reference
    __decompress                              - Undefined Weak Reference
    _clock_init                               - Undefined Weak Reference
    _microlib_exit                            - Undefined Weak Reference
    __Vectors_Size                           0x000000c0   Number         0  startup_stm32f0xx.o ABSOLUTE
    __Vectors                                0x08000000   Data           4  startup_stm32f0xx.o(RESET)
    __Vectors_End                            0x080000c0   Data           0  startup_stm32f0xx.o(RESET)
    __main                                   0x080000c1   Thumb Code     0  entry.o(.ARM.Collect$$$$00000000)
    _main_stk                                0x080000c1   Thumb Code     0  entry2.o(.ARM.Collect$$$$00000001)
    _main_scatterload                        0x080000c5   Thumb Code     0  entry5.o(.ARM.Collect$$$$00000004)
    __main_after_scatterload                 0x080000c9   Thumb Code     0  entry5.o(.ARM.Collect$$$$00000004)
    _main_clock                              0x080000c9   Thumb Code     0  entry7b.o(.ARM.Collect$$$$00000008)
    _main_cpp_init                           0x080000c9   Thumb Code     0  entry8b.o(.ARM.Collect$$$$0000000A)
    _main_init                               0x080000c9   Thumb Code     0  entry9a.o(.ARM.Collect$$$$0000000B)
    __rt_lib_shutdown_fini                   0x080000d1   Thumb Code     0  entry12b.o(.ARM.Collect$$$$0000000E)
    __rt_final_cpp                           0x080000d5   Thumb Code     0  entry10a.o(.ARM.Collect$$$$0000000F)
    __rt_final_exit                          0x080000d5   Thumb Code     0  entry11a.o(.ARM.Collect$$$$00000011)
    init_ADC                                 0x080000d9   Thumb Code    84  main2.o(.text)
    init_Timer3                              0x0800012d   Thumb Code    84  main2.o(.text)
    init_interrupt_timer2                    0x08000181   Thumb Code    42  main2.o(.text)
    init_Timer2                              0x080001ab   Thumb Code    36  main2.o(.text)
    SPI_init                                 0x080001cf   Thumb Code    78  main2.o(.text)
    GPIO_SPI_init                            0x0800021d   Thumb Code    40  main2.o(.text)
    init_GPIO                                0x08000245   Thumb Code    62  main2.o(.text)
    init_main                                0x08000283   Thumb Code    60  main2.o(.text)
    init_DMA                                 0x080002bf   Thumb Code    86  main2.o(.text)
    write_matrix                             0x08000315   Thumb Code    50  main2.o(.text)
    write_frame                              0x08000347   Thumb Code    40  main2.o(.text)
    moveDot                                  0x0800036f   Thumb Code    74  main2.o(.text)
    max_init                                 0x080003b9   Thumb Code    44  main2.o(.text)
    main                                     0x080003e5   Thumb Code   234  main2.o(.text)
    delay                                    0x080004cf   Thumb Code   148  main2.o(.text)
    USART_Setup                              0x08000565   Thumb Code   102  helper.o(.text)
    USART_Putc                               0x080005cb   Thumb Code    16  helper.o(.text)
    USART_Putstr                             0x080005db   Thumb Code    62  helper.o(.text)
    USART_Getc                               0x08000619   Thumb Code    32  helper.o(.text)
    USART_Getstr                             0x08000639   Thumb Code    70  helper.o(.text)
    USART_Clearscreen                        0x0800067f   Thumb Code    30  helper.o(.text)
    map                                      0x0800069d   Thumb Code    10  helper.o(.text)
    USART_itoa                               0x080006a7   Thumb Code    70  helper.o(.text)
    Delay                                    0x080006ed   Thumb Code    16  helper.o(.text)
    TimingDelay_Decrement                    0x080006fd   Thumb Code    16  helper.o(.text)
    NMI_Handler                              0x08000725   Thumb Code     2  stm32f0xx_it.o(.text)
    HardFault_Handler                        0x08000727   Thumb Code     2  stm32f0xx_it.o(.text)
    SVC_Handler                              0x08000729   Thumb Code     2  stm32f0xx_it.o(.text)
    PendSV_Handler                           0x0800072b   Thumb Code     2  stm32f0xx_it.o(.text)
    SysTick_Handler                          0x0800072d   Thumb Code     8  stm32f0xx_it.o(.text)
    DMA1_Channel1_IRQHandler                 0x08000735   Thumb Code    24  stm32f0xx_it.o(.text)
    TIM2_IRQHandler                          0x0800074d   Thumb Code    40  stm32f0xx_it.o(.text)
    STM_EVAL_LEDInit                         0x08000781   Thumb Code    52  stm32f0_discovery.o(.text)
    STM_EVAL_LEDOn                           0x080007b5   Thumb Code    18  stm32f0_discovery.o(.text)
    STM_EVAL_LEDOff                          0x080007c7   Thumb Code    18  stm32f0_discovery.o(.text)
    STM_EVAL_LEDToggle                       0x080007d9   Thumb Code    22  stm32f0_discovery.o(.text)
    STM_EVAL_PBInit                          0x080007ef   Thumb Code   140  stm32f0_discovery.o(.text)
    STM_EVAL_PBGetState                      0x0800087b   Thumb Code    24  stm32f0_discovery.o(.text)
    DMA_DeInit                               0x0800089d   Thumb Code   100  stm32f0xx_dma.o(.text)
    DMA_Init                                 0x08000901   Thumb Code    56  stm32f0xx_dma.o(.text)
    DMA_StructInit                           0x08000939   Thumb Code    26  stm32f0xx_dma.o(.text)
    DMA_Cmd                                  0x08000953   Thumb Code    20  stm32f0xx_dma.o(.text)
    DMA_SetCurrDataCounter                   0x08000967   Thumb Code     4  stm32f0xx_dma.o(.text)
    DMA_GetCurrDataCounter                   0x0800096b   Thumb Code     6  stm32f0xx_dma.o(.text)
    DMA_ITConfig                             0x08000971   Thumb Code    16  stm32f0xx_dma.o(.text)
    DMA_GetFlagStatus                        0x08000981   Thumb Code    18  stm32f0xx_dma.o(.text)
    DMA_ClearFlag                            0x08000993   Thumb Code     8  stm32f0xx_dma.o(.text)
    DMA_GetITStatus                          0x0800099b   Thumb Code    18  stm32f0xx_dma.o(.text)
    DMA_ClearITPendingBit                    0x080009ad   Thumb Code     8  stm32f0xx_dma.o(.text)
    EXTI_DeInit                              0x080009c1   Thumb Code    20  stm32f0xx_exti.o(.text)
    EXTI_Init                                0x080009d5   Thumb Code   102  stm32f0xx_exti.o(.text)
    EXTI_StructInit                          0x08000a3b   Thumb Code    14  stm32f0xx_exti.o(.text)
    EXTI_GenerateSWInterrupt                 0x08000a49   Thumb Code    10  stm32f0xx_exti.o(.text)
    EXTI_GetFlagStatus                       0x08000a53   Thumb Code    16  stm32f0xx_exti.o(.text)
    EXTI_ClearFlag                           0x08000a63   Thumb Code     6  stm32f0xx_exti.o(.text)
    EXTI_GetITStatus                         0x08000a69   Thumb Code    24  stm32f0xx_exti.o(.text)
    EXTI_ClearITPendingBit                   0x08000a81   Thumb Code     6  stm32f0xx_exti.o(.text)
    GPIO_DeInit                              0x08000a95   Thumb Code    78  stm32f0xx_gpio.o(.text)
    GPIO_Init                                0x08000ae3   Thumb Code   112  stm32f0xx_gpio.o(.text)
    GPIO_StructInit                          0x08000b53   Thumb Code    18  stm32f0xx_gpio.o(.text)
    GPIO_PinLockConfig                       0x08000b65   Thumb Code    26  stm32f0xx_gpio.o(.text)
    GPIO_ReadInputDataBit                    0x08000b7f   Thumb Code    14  stm32f0xx_gpio.o(.text)
    GPIO_ReadInputData                       0x08000b8d   Thumb Code     4  stm32f0xx_gpio.o(.text)
    GPIO_ReadOutputDataBit                   0x08000b91   Thumb Code    14  stm32f0xx_gpio.o(.text)
    GPIO_ReadOutputData                      0x08000b9f   Thumb Code     4  stm32f0xx_gpio.o(.text)
    GPIO_SetBits                             0x08000ba3   Thumb Code     4  stm32f0xx_gpio.o(.text)
    GPIO_ResetBits                           0x08000ba7   Thumb Code     4  stm32f0xx_gpio.o(.text)
    GPIO_WriteBit                            0x08000bab   Thumb Code    12  stm32f0xx_gpio.o(.text)
    GPIO_Write                               0x08000bb7   Thumb Code     4  stm32f0xx_gpio.o(.text)
    GPIO_PinAFConfig                         0x08000bbb   Thumb Code    32  stm32f0xx_gpio.o(.text)
    NVIC_Init                                0x08000bf1   Thumb Code    70  stm32f0xx_misc.o(.text)
    NVIC_SystemLPConfig                      0x08000c37   Thumb Code    18  stm32f0xx_misc.o(.text)
    SysTick_CLKSourceConfig                  0x08000c49   Thumb Code    20  stm32f0xx_misc.o(.text)
    RCC_DeInit                               0x08000c6d   Thumb Code    78  stm32f0xx_rcc.o(.text)
    RCC_HSEConfig                            0x08000cbb   Thumb Code    10  stm32f0xx_rcc.o(.text)
    RCC_GetFlagStatus                        0x08000cc5   Thumb Code    48  stm32f0xx_rcc.o(.text)
    RCC_WaitForHSEStartUp                    0x08000cf5   Thumb Code    44  stm32f0xx_rcc.o(.text)
    RCC_AdjustHSICalibrationValue            0x08000d21   Thumb Code    16  stm32f0xx_rcc.o(.text)
    RCC_HSICmd                               0x08000d31   Thumb Code    22  stm32f0xx_rcc.o(.text)
    RCC_AdjustHSI14CalibrationValue          0x08000d47   Thumb Code    16  stm32f0xx_rcc.o(.text)
    RCC_HSI14Cmd                             0x08000d57   Thumb Code    22  stm32f0xx_rcc.o(.text)
    RCC_HSI14ADCRequestCmd                   0x08000d6d   Thumb Code    20  stm32f0xx_rcc.o(.text)
    RCC_LSEConfig                            0x08000d81   Thumb Code    26  stm32f0xx_rcc.o(.text)
    RCC_LSEDriveConfig                       0x08000d9b   Thumb Code    18  stm32f0xx_rcc.o(.text)
    RCC_LSICmd                               0x08000dad   Thumb Code    22  stm32f0xx_rcc.o(.text)
    RCC_PLLConfig                            0x08000dc3   Thumb Code    24  stm32f0xx_rcc.o(.text)
    RCC_PLLCmd                               0x08000ddb   Thumb Code    22  stm32f0xx_rcc.o(.text)
    RCC_PREDIV1Config                        0x08000df1   Thumb Code    14  stm32f0xx_rcc.o(.text)
    RCC_ClockSecuritySystemCmd               0x08000dff   Thumb Code    22  stm32f0xx_rcc.o(.text)
    RCC_MCOConfig                            0x08000e15   Thumb Code     6  stm32f0xx_rcc.o(.text)
    RCC_SYSCLKConfig                         0x08000e1b   Thumb Code    14  stm32f0xx_rcc.o(.text)
    RCC_GetSYSCLKSource                      0x08000e29   Thumb Code    10  stm32f0xx_rcc.o(.text)
    RCC_HCLKConfig                           0x08000e33   Thumb Code    14  stm32f0xx_rcc.o(.text)
    RCC_PCLKConfig                           0x08000e41   Thumb Code    16  stm32f0xx_rcc.o(.text)
    RCC_ADCCLKConfig                         0x08000e51   Thumb Code    38  stm32f0xx_rcc.o(.text)
    RCC_CECCLKConfig                         0x08000e77   Thumb Code    18  stm32f0xx_rcc.o(.text)
    RCC_I2CCLKConfig                         0x08000e89   Thumb Code    18  stm32f0xx_rcc.o(.text)
    RCC_USARTCLKConfig                       0x08000e9b   Thumb Code    18  stm32f0xx_rcc.o(.text)
    RCC_GetClocksFreq                        0x08000ead   Thumb Code   208  stm32f0xx_rcc.o(.text)
    RCC_RTCCLKConfig                         0x08000f7d   Thumb Code    10  stm32f0xx_rcc.o(.text)
    RCC_RTCCLKCmd                            0x08000f87   Thumb Code    20  stm32f0xx_rcc.o(.text)
    RCC_BackupResetCmd                       0x08000f9b   Thumb Code    22  stm32f0xx_rcc.o(.text)
    RCC_AHBPeriphClockCmd                    0x08000fb1   Thumb Code    18  stm32f0xx_rcc.o(.text)
    RCC_APB2PeriphClockCmd                   0x08000fc3   Thumb Code    18  stm32f0xx_rcc.o(.text)
    RCC_APB1PeriphClockCmd                   0x08000fd5   Thumb Code    18  stm32f0xx_rcc.o(.text)
    RCC_AHBPeriphResetCmd                    0x08000fe7   Thumb Code    18  stm32f0xx_rcc.o(.text)
    RCC_APB2PeriphResetCmd                   0x08000ff9   Thumb Code    18  stm32f0xx_rcc.o(.text)
    RCC_APB1PeriphResetCmd                   0x0800100b   Thumb Code    18  stm32f0xx_rcc.o(.text)
    RCC_ITConfig                             0x0800101d   Thumb Code    18  stm32f0xx_rcc.o(.text)
    RCC_ClearFlag                            0x0800102f   Thumb Code    14  stm32f0xx_rcc.o(.text)
    RCC_GetITStatus                          0x0800103d   Thumb Code    48  stm32f0xx_rcc.o(.text)
    RCC_ClearITPendingBit                    0x0800106d   Thumb Code     6  stm32f0xx_rcc.o(.text)
    SYSCFG_DeInit                            0x08001079   Thumb Code    30  stm32f0xx_syscfg.o(.text)
    SYSCFG_MemoryRemapConfig                 0x08001097   Thumb Code    14  stm32f0xx_syscfg.o(.text)
    SYSCFG_DMAChannelRemapConfig             0x080010a5   Thumb Code    18  stm32f0xx_syscfg.o(.text)
    SYSCFG_I2CFastModePlusConfig             0x080010b7   Thumb Code    18  stm32f0xx_syscfg.o(.text)
    SYSCFG_EXTILineConfig                    0x080010c9   Thumb Code    34  stm32f0xx_syscfg.o(.text)
    SYSCFG_BreakConfig                       0x080010eb   Thumb Code    10  stm32f0xx_syscfg.o(.text)
    SYSCFG_GetFlagStatus                     0x080010f5   Thumb Code    14  stm32f0xx_syscfg.o(.text)
    SYSCFG_ClearFlag                         0x08001103   Thumb Code    10  stm32f0xx_syscfg.o(.text)
    TIM_DeInit                               0x08001111   Thumb Code   152  stm32f0xx_tim.o(.text)
    TIM_TimeBaseInit                         0x080011a9   Thumb Code    88  stm32f0xx_tim.o(.text)
    TIM_TimeBaseStructInit                   0x08001201   Thumb Code    18  stm32f0xx_tim.o(.text)
    TIM_PrescalerConfig                      0x08001213   Thumb Code     6  stm32f0xx_tim.o(.text)
    TIM_CounterModeConfig                    0x08001219   Thumb Code    12  stm32f0xx_tim.o(.text)
    TIM_SetCounter                           0x08001225   Thumb Code     4  stm32f0xx_tim.o(.text)
    TIM_SetAutoreload                        0x08001229   Thumb Code     4  stm32f0xx_tim.o(.text)
    TIM_GetCounter                           0x0800122d   Thumb Code     4  stm32f0xx_tim.o(.text)
    TIM_GetPrescaler                         0x08001231   Thumb Code     4  stm32f0xx_tim.o(.text)
    TIM_UpdateDisableConfig                  0x08001235   Thumb Code    18  stm32f0xx_tim.o(.text)
    TIM_UpdateRequestConfig                  0x08001247   Thumb Code    18  stm32f0xx_tim.o(.text)
    TIM_ARRPreloadConfig                     0x08001259   Thumb Code    18  stm32f0xx_tim.o(.text)
    TIM_SelectOnePulseMode                   0x0800126b   Thumb Code    16  stm32f0xx_tim.o(.text)
    TIM_SetClockDivision                     0x0800127b   Thumb Code    16  stm32f0xx_tim.o(.text)
    TIM_Cmd                                  0x0800128b   Thumb Code    20  stm32f0xx_tim.o(.text)
    TIM_BDTRConfig                           0x0800129f   Thumb Code    34  stm32f0xx_tim.o(.text)
    TIM_BDTRStructInit                       0x080012c1   Thumb Code    18  stm32f0xx_tim.o(.text)
    TIM_CtrlPWMOutputs                       0x080012d3   Thumb Code    24  stm32f0xx_tim.o(.text)
    TIM_OC1Init                              0x080012eb   Thumb Code   104  stm32f0xx_tim.o(.text)
    TIM_OC2Init                              0x08001353   Thumb Code   110  stm32f0xx_tim.o(.text)
    TIM_OC3Init                              0x080013c1   Thumb Code   110  stm32f0xx_tim.o(.text)
    TIM_OC4Init                              0x0800142f   Thumb Code    78  stm32f0xx_tim.o(.text)
    TIM_OCStructInit                         0x0800147d   Thumb Code    20  stm32f0xx_tim.o(.text)
    TIM_SelectOCxM                           0x08001491   Thumb Code    70  stm32f0xx_tim.o(.text)
    TIM_SetCompare1                          0x080014d7   Thumb Code     4  stm32f0xx_tim.o(.text)
    TIM_SetCompare2                          0x080014db   Thumb Code     4  stm32f0xx_tim.o(.text)
    TIM_SetCompare3                          0x080014df   Thumb Code     4  stm32f0xx_tim.o(.text)
    TIM_SetCompare4                          0x080014e3   Thumb Code     4  stm32f0xx_tim.o(.text)
    TIM_ForcedOC1Config                      0x080014e7   Thumb Code    86  stm32f0xx_tim.o(.text)
    TIM_ForcedOC2Config                      0x0800153d   Thumb Code    14  stm32f0xx_tim.o(.text)
    TIM_ForcedOC3Config                      0x0800154b   Thumb Code    12  stm32f0xx_tim.o(.text)
    TIM_ForcedOC4Config                      0x08001557   Thumb Code    14  stm32f0xx_tim.o(.text)
    TIM_CCPreloadControl                     0x08001565   Thumb Code    20  stm32f0xx_tim.o(.text)
    TIM_OC1PreloadConfig                     0x08001579   Thumb Code    12  stm32f0xx_tim.o(.text)
    TIM_OC2PreloadConfig                     0x08001585   Thumb Code    14  stm32f0xx_tim.o(.text)
    TIM_OC3PreloadConfig                     0x08001593   Thumb Code    12  stm32f0xx_tim.o(.text)
    TIM_OC4PreloadConfig                     0x0800159f   Thumb Code    14  stm32f0xx_tim.o(.text)
    TIM_OC1FastConfig                        0x080015ad   Thumb Code    12  stm32f0xx_tim.o(.text)
    TIM_OC2FastConfig                        0x080015b9   Thumb Code    14  stm32f0xx_tim.o(.text)
    TIM_OC3FastConfig                        0x080015c7   Thumb Code    12  stm32f0xx_tim.o(.text)
    TIM_OC4FastConfig                        0x080015d3   Thumb Code    14  stm32f0xx_tim.o(.text)
    TIM_ClearOC1Ref                          0x080015e1   Thumb Code    12  stm32f0xx_tim.o(.text)
    TIM_ClearOC2Ref                          0x080015ed   Thumb Code    14  stm32f0xx_tim.o(.text)
    TIM_ClearOC3Ref                          0x080015fb   Thumb Code    12  stm32f0xx_tim.o(.text)
    TIM_ClearOC4Ref                          0x08001607   Thumb Code    14  stm32f0xx_tim.o(.text)
    TIM_OC1PolarityConfig                    0x08001615   Thumb Code    12  stm32f0xx_tim.o(.text)
    TIM_OC1NPolarityConfig                   0x08001621   Thumb Code    12  stm32f0xx_tim.o(.text)
    TIM_OC2PolarityConfig                    0x0800162d   Thumb Code    14  stm32f0xx_tim.o(.text)
    TIM_OC2NPolarityConfig                   0x0800163b   Thumb Code    14  stm32f0xx_tim.o(.text)
    TIM_OC3PolarityConfig                    0x08001649   Thumb Code    14  stm32f0xx_tim.o(.text)
    TIM_OC3NPolarityConfig                   0x08001657   Thumb Code    14  stm32f0xx_tim.o(.text)
    TIM_OC4PolarityConfig                    0x08001665   Thumb Code    14  stm32f0xx_tim.o(.text)
    TIM_SelectOCREFClear                     0x08001673   Thumb Code    16  stm32f0xx_tim.o(.text)
    TIM_CCxCmd                               0x08001683   Thumb Code    22  stm32f0xx_tim.o(.text)
    TIM_CCxNCmd                              0x08001699   Thumb Code    22  stm32f0xx_tim.o(.text)
    TIM_SelectCOM                            0x080016af   Thumb Code    18  stm32f0xx_tim.o(.text)
    TIM_SetIC4Prescaler                      0x080016c1   Thumb Code    18  stm32f0xx_tim.o(.text)
    TIM_SetIC3Prescaler                      0x080016d3   Thumb Code    16  stm32f0xx_tim.o(.text)
    TIM_SetIC2Prescaler                      0x080016e3   Thumb Code    18  stm32f0xx_tim.o(.text)
    TIM_SetIC1Prescaler                      0x0800171f   Thumb Code    16  stm32f0xx_tim.o(.text)
    TIM_ICInit                               0x08001757   Thumb Code   162  stm32f0xx_tim.o(.text)
    TIM_ICStructInit                         0x080017f9   Thumb Code    16  stm32f0xx_tim.o(.text)
    TIM_PWMIConfig                           0x08001809   Thumb Code   104  stm32f0xx_tim.o(.text)
    TIM_GetCapture1                          0x08001871   Thumb Code     4  stm32f0xx_tim.o(.text)
    TIM_GetCapture2                          0x08001875   Thumb Code     4  stm32f0xx_tim.o(.text)
    TIM_GetCapture3                          0x08001879   Thumb Code     4  stm32f0xx_tim.o(.text)
    TIM_GetCapture4                          0x0800187d   Thumb Code     4  stm32f0xx_tim.o(.text)
    TIM_ITConfig                             0x08001881   Thumb Code    16  stm32f0xx_tim.o(.text)
    TIM_GenerateEvent                        0x08001891   Thumb Code     4  stm32f0xx_tim.o(.text)
    TIM_GetFlagStatus                        0x08001895   Thumb Code    14  stm32f0xx_tim.o(.text)
    TIM_ClearFlag                            0x080018a3   Thumb Code     6  stm32f0xx_tim.o(.text)
    TIM_GetITStatus                          0x080018a9   Thumb Code    24  stm32f0xx_tim.o(.text)
    TIM_ClearITPendingBit                    0x080018c1   Thumb Code     6  stm32f0xx_tim.o(.text)
    TIM_DMAConfig                            0x080018c7   Thumb Code     8  stm32f0xx_tim.o(.text)
    TIM_DMACmd                               0x080018cf   Thumb Code    16  stm32f0xx_tim.o(.text)
    TIM_SelectCCDMA                          0x080018df   Thumb Code    18  stm32f0xx_tim.o(.text)
    TIM_InternalClockConfig                  0x080018f1   Thumb Code    10  stm32f0xx_tim.o(.text)
    TIM_SelectInputTrigger                   0x080018fb   Thumb Code    12  stm32f0xx_tim.o(.text)
    TIM_ITRxExternalClockConfig              0x08001907   Thumb Code    62  stm32f0xx_tim.o(.text)
    TIM_TIxExternalClockConfig               0x08001945   Thumb Code    48  stm32f0xx_tim.o(.text)
    TIM_ETRConfig                            0x08001975   Thumb Code    18  stm32f0xx_tim.o(.text)
    TIM_ETRClockMode1Config                  0x08001987   Thumb Code    28  stm32f0xx_tim.o(.text)
    TIM_ETRClockMode2Config                  0x080019a3   Thumb Code    20  stm32f0xx_tim.o(.text)
    TIM_SelectOutputTrigger                  0x080019b7   Thumb Code    16  stm32f0xx_tim.o(.text)
    TIM_SelectSlaveMode                      0x080019c7   Thumb Code    16  stm32f0xx_tim.o(.text)
    TIM_SelectMasterSlaveMode                0x080019d7   Thumb Code    16  stm32f0xx_tim.o(.text)
    TIM_EncoderInterfaceConfig               0x080019e7   Thumb Code    42  stm32f0xx_tim.o(.text)
    TIM_SelectHallSensor                     0x08001a11   Thumb Code    18  stm32f0xx_tim.o(.text)
    TIM_RemapConfig                          0x08001a23   Thumb Code     6  stm32f0xx_tim.o(.text)
    USART_DeInit                             0x08001a2d   Thumb Code    54  stm32f0xx_usart.o(.text)
    USART_Init                               0x08001a63   Thumb Code   166  stm32f0xx_usart.o(.text)
    USART_StructInit                         0x08001b09   Thumb Code    22  stm32f0xx_usart.o(.text)
    USART_ClockInit                          0x08001b1f   Thumb Code    28  stm32f0xx_usart.o(.text)
    USART_ClockStructInit                    0x08001b3b   Thumb Code    12  stm32f0xx_usart.o(.text)
    USART_Cmd                                0x08001b47   Thumb Code    20  stm32f0xx_usart.o(.text)
    USART_DirectionModeCmd                   0x08001b5b   Thumb Code    16  stm32f0xx_usart.o(.text)
    USART_OverSampling8Cmd                   0x08001b6b   Thumb Code    20  stm32f0xx_usart.o(.text)
    USART_OneBitMethodCmd                    0x08001b7f   Thumb Code    20  stm32f0xx_usart.o(.text)
    USART_MSBFirstCmd                        0x08001b93   Thumb Code    20  stm32f0xx_usart.o(.text)
    USART_DataInvCmd                         0x08001ba7   Thumb Code    20  stm32f0xx_usart.o(.text)
    USART_InvPinCmd                          0x08001bbb   Thumb Code    16  stm32f0xx_usart.o(.text)
    USART_SWAPPinCmd                         0x08001bcb   Thumb Code    20  stm32f0xx_usart.o(.text)
    USART_ReceiverTimeOutCmd                 0x08001bdf   Thumb Code    20  stm32f0xx_usart.o(.text)
    USART_SetReceiverTimeOut                 0x08001bf3   Thumb Code    16  stm32f0xx_usart.o(.text)
    USART_SetPrescaler                       0x08001c03   Thumb Code    16  stm32f0xx_usart.o(.text)
    USART_STOPModeCmd                        0x08001c13   Thumb Code    18  stm32f0xx_usart.o(.text)
    USART_StopModeWakeUpSourceConfig         0x08001c25   Thumb Code    18  stm32f0xx_usart.o(.text)
    USART_AutoBaudRateCmd                    0x08001c37   Thumb Code    20  stm32f0xx_usart.o(.text)
    USART_AutoBaudRateConfig                 0x08001c4b   Thumb Code    18  stm32f0xx_usart.o(.text)
    USART_AutoBaudRateNewRequest             0x08001c5d   Thumb Code    12  stm32f0xx_usart.o(.text)
    USART_SendData                           0x08001c69   Thumb Code     8  stm32f0xx_usart.o(.text)
    USART_ReceiveData                        0x08001c71   Thumb Code     8  stm32f0xx_usart.o(.text)
    USART_SetAddress                         0x08001c79   Thumb Code    18  stm32f0xx_usart.o(.text)
    USART_MuteModeCmd                        0x08001c8b   Thumb Code    20  stm32f0xx_usart.o(.text)
    USART_MuteModeWakeUpConfig               0x08001c9f   Thumb Code    18  stm32f0xx_usart.o(.text)
    USART_AddressDetectionConfig             0x08001cb1   Thumb Code    16  stm32f0xx_usart.o(.text)
    USART_LINBreakDetectLengthConfig         0x08001cc1   Thumb Code    16  stm32f0xx_usart.o(.text)
    USART_LINCmd                             0x08001cd1   Thumb Code    20  stm32f0xx_usart.o(.text)
    USART_HalfDuplexCmd                      0x08001ce5   Thumb Code    18  stm32f0xx_usart.o(.text)
    USART_SetGuardTime                       0x08001cf7   Thumb Code    16  stm32f0xx_usart.o(.text)
    USART_SmartCardCmd                       0x08001d07   Thumb Code    18  stm32f0xx_usart.o(.text)
    USART_SmartCardNACKCmd                   0x08001d19   Thumb Code    18  stm32f0xx_usart.o(.text)
    USART_SetAutoRetryCount                  0x08001d2b   Thumb Code    20  stm32f0xx_usart.o(.text)
    USART_SetBlockLength                     0x08001d3f   Thumb Code    18  stm32f0xx_usart.o(.text)
    USART_IrDAConfig                         0x08001d51   Thumb Code    16  stm32f0xx_usart.o(.text)
    USART_IrDACmd                            0x08001d61   Thumb Code    18  stm32f0xx_usart.o(.text)
    USART_DECmd                              0x08001d73   Thumb Code    20  stm32f0xx_usart.o(.text)
    USART_DEPolarityConfig                   0x08001d87   Thumb Code    18  stm32f0xx_usart.o(.text)
    USART_SetDEAssertionTime                 0x08001d99   Thumb Code    20  stm32f0xx_usart.o(.text)
    USART_SetDEDeassertionTime               0x08001dad   Thumb Code    20  stm32f0xx_usart.o(.text)
    USART_DMACmd                             0x08001dc1   Thumb Code    16  stm32f0xx_usart.o(.text)
    USART_DMAReceptionErrorConfig            0x08001dd1   Thumb Code    18  stm32f0xx_usart.o(.text)
    USART_ITConfig                           0x08001de3   Thumb Code    54  stm32f0xx_usart.o(.text)
    USART_RequestCmd                         0x08001e19   Thumb Code    16  stm32f0xx_usart.o(.text)
    USART_OverrunDetectionConfig             0x08001e29   Thumb Code    18  stm32f0xx_usart.o(.text)
    USART_GetFlagStatus                      0x08001e3b   Thumb Code    14  stm32f0xx_usart.o(.text)
    USART_ClearFlag                          0x08001e49   Thumb Code     4  stm32f0xx_usart.o(.text)
    USART_GetITStatus                        0x08001e4d   Thumb Code    56  stm32f0xx_usart.o(.text)
    USART_ClearITPendingBit                  0x08001e85   Thumb Code    10  stm32f0xx_usart.o(.text)
    ADC_DeInit                               0x08001e91   Thumb Code    28  stm32f0xx_adc.o(.text)
    ADC_Init                                 0x08001ead   Thumb Code    38  stm32f0xx_adc.o(.text)
    ADC_StructInit                           0x08001ed3   Thumb Code    16  stm32f0xx_adc.o(.text)
    ADC_Cmd                                  0x08001ee3   Thumb Code    18  stm32f0xx_adc.o(.text)
    ADC_JitterCmd                            0x08001ef5   Thumb Code    16  stm32f0xx_adc.o(.text)
    ADC_AutoPowerOffCmd                      0x08001f05   Thumb Code    20  stm32f0xx_adc.o(.text)
    ADC_WaitModeCmd                          0x08001f19   Thumb Code    20  stm32f0xx_adc.o(.text)
    ADC_AnalogWatchdogCmd                    0x08001f2d   Thumb Code    20  stm32f0xx_adc.o(.text)
    ADC_AnalogWatchdogThresholdsConfig       0x08001f41   Thumb Code     8  stm32f0xx_adc.o(.text)
    ADC_AnalogWatchdogSingleChannelConfig    0x08001f49   Thumb Code    14  stm32f0xx_adc.o(.text)
    ADC_AnalogWatchdogSingleChannelCmd       0x08001f57   Thumb Code    20  stm32f0xx_adc.o(.text)
    ADC_TempSensorCmd                        0x08001f6b   Thumb Code    22  stm32f0xx_adc.o(.text)
    ADC_VrefintCmd                           0x08001f81   Thumb Code    22  stm32f0xx_adc.o(.text)
    ADC_VbatCmd                              0x08001f97   Thumb Code    22  stm32f0xx_adc.o(.text)
    ADC_ChannelConfig                        0x08001fad   Thumb Code    10  stm32f0xx_adc.o(.text)
    ADC_ContinuousModeCmd                    0x08001fb7   Thumb Code    20  stm32f0xx_adc.o(.text)
    ADC_DiscModeCmd                          0x08001fcb   Thumb Code    20  stm32f0xx_adc.o(.text)
    ADC_OverrunModeCmd                       0x08001fdf   Thumb Code    20  stm32f0xx_adc.o(.text)
    ADC_GetCalibrationFactor                 0x08001ff3   Thumb Code    46  stm32f0xx_adc.o(.text)
    ADC_StopOfConversion                     0x08002021   Thumb Code    10  stm32f0xx_adc.o(.text)
    ADC_StartOfConversion                    0x0800202b   Thumb Code    10  stm32f0xx_adc.o(.text)
    ADC_GetConversionValue                   0x08002035   Thumb Code     6  stm32f0xx_adc.o(.text)
    ADC_DMACmd                               0x0800203b   Thumb Code    20  stm32f0xx_adc.o(.text)
    ADC_DMARequestModeConfig                 0x0800204f   Thumb Code    16  stm32f0xx_adc.o(.text)
    ADC_ITConfig                             0x0800205f   Thumb Code    16  stm32f0xx_adc.o(.text)
    ADC_GetFlagStatus                        0x0800206f   Thumb Code    28  stm32f0xx_adc.o(.text)
    ADC_ClearFlag                            0x0800208b   Thumb Code     4  stm32f0xx_adc.o(.text)
    ADC_GetITStatus                          0x0800208f   Thumb Code    22  stm32f0xx_adc.o(.text)
    ADC_ClearITPendingBit                    0x080020a5   Thumb Code     4  stm32f0xx_adc.o(.text)
    SPI_I2S_DeInit                           0x080020b5   Thumb Code    54  stm32f0xx_spi.o(.text)
    SPI_StructInit                           0x080020eb   Thumb Code    28  stm32f0xx_spi.o(.text)
    SPI_Init                                 0x08002107   Thumb Code    74  stm32f0xx_spi.o(.text)
    I2S_StructInit                           0x08002151   Thumb Code    18  stm32f0xx_spi.o(.text)
    I2S_Init                                 0x08002163   Thumb Code   154  stm32f0xx_spi.o(.text)
    SPI_Cmd                                  0x080021fd   Thumb Code    18  stm32f0xx_spi.o(.text)
    SPI_TIModeCmd                            0x0800220f   Thumb Code    18  stm32f0xx_spi.o(.text)
    I2S_Cmd                                  0x08002221   Thumb Code    22  stm32f0xx_spi.o(.text)
    SPI_DataSizeConfig                       0x08002237   Thumb Code    12  stm32f0xx_spi.o(.text)
    SPI_RxFIFOThresholdConfig                0x08002243   Thumb Code    16  stm32f0xx_spi.o(.text)
    SPI_BiDirectionalLineConfig              0x08002253   Thumb Code    22  stm32f0xx_spi.o(.text)
    SPI_NSSInternalSoftwareConfig            0x08002269   Thumb Code    22  stm32f0xx_spi.o(.text)
    SPI_SSOutputCmd                          0x0800227f   Thumb Code    18  stm32f0xx_spi.o(.text)
    SPI_NSSPulseModeCmd                      0x08002291   Thumb Code    18  stm32f0xx_spi.o(.text)
    SPI_SendData8                            0x080022a3   Thumb Code     4  stm32f0xx_spi.o(.text)
    SPI_I2S_SendData16                       0x080022a7   Thumb Code     4  stm32f0xx_spi.o(.text)
    SPI_ReceiveData8                         0x080022ab   Thumb Code     4  stm32f0xx_spi.o(.text)
    SPI_I2S_ReceiveData16                    0x080022af   Thumb Code     4  stm32f0xx_spi.o(.text)
    SPI_CRCLengthConfig                      0x080022b3   Thumb Code    16  stm32f0xx_spi.o(.text)
    SPI_CalculateCRC                         0x080022c3   Thumb Code    22  stm32f0xx_spi.o(.text)
    SPI_TransmitCRC                          0x080022d9   Thumb Code    12  stm32f0xx_spi.o(.text)
    SPI_GetCRC                               0x080022e5   Thumb Code    12  stm32f0xx_spi.o(.text)
    SPI_GetCRCPolynomial                     0x080022f1   Thumb Code     4  stm32f0xx_spi.o(.text)
    SPI_I2S_DMACmd                           0x080022f5   Thumb Code    16  stm32f0xx_spi.o(.text)
    SPI_LastDMATransferCmd                   0x08002305   Thumb Code    16  stm32f0xx_spi.o(.text)
    SPI_I2S_ITConfig                         0x08002315   Thumb Code    24  stm32f0xx_spi.o(.text)
    SPI_GetTransmissionFIFOStatus            0x0800232d   Thumb Code    10  stm32f0xx_spi.o(.text)
    SPI_GetReceptionFIFOStatus               0x08002337   Thumb Code    10  stm32f0xx_spi.o(.text)
    SPI_I2S_GetFlagStatus                    0x08002341   Thumb Code    14  stm32f0xx_spi.o(.text)
    SPI_I2S_ClearFlag                        0x0800234f   Thumb Code     6  stm32f0xx_spi.o(.text)
    SPI_I2S_GetITStatus                      0x08002355   Thumb Code    42  stm32f0xx_spi.o(.text)
    Reset_Handler                            0x080023a9   Thumb Code     8  startup_stm32f0xx.o(.text)
    ADC1_COMP_IRQHandler                     0x080023bb   Thumb Code     0  startup_stm32f0xx.o(.text)
    CEC_IRQHandler                           0x080023bb   Thumb Code     0  startup_stm32f0xx.o(.text)
    DMA1_Channel2_3_IRQHandler               0x080023bb   Thumb Code     0  startup_stm32f0xx.o(.text)
    DMA1_Channel4_5_IRQHandler               0x080023bb   Thumb Code     0  startup_stm32f0xx.o(.text)
    EXTI0_1_IRQHandler                       0x080023bb   Thumb Code     0  startup_stm32f0xx.o(.text)
    EXTI2_3_IRQHandler                       0x080023bb   Thumb Code     0  startup_stm32f0xx.o(.text)
    EXTI4_15_IRQHandler                      0x080023bb   Thumb Code     0  startup_stm32f0xx.o(.text)
    FLASH_IRQHandler                         0x080023bb   Thumb Code     0  startup_stm32f0xx.o(.text)
    I2C1_IRQHandler                          0x080023bb   Thumb Code     0  startup_stm32f0xx.o(.text)
    I2C2_IRQHandler                          0x080023bb   Thumb Code     0  startup_stm32f0xx.o(.text)
    PVD_IRQHandler                           0x080023bb   Thumb Code     0  startup_stm32f0xx.o(.text)
    RCC_IRQHandler                           0x080023bb   Thumb Code     0  startup_stm32f0xx.o(.text)
    RTC_IRQHandler                           0x080023bb   Thumb Code     0  startup_stm32f0xx.o(.text)
    SPI1_IRQHandler                          0x080023bb   Thumb Code     0  startup_stm32f0xx.o(.text)
    SPI2_IRQHandler                          0x080023bb   Thumb Code     0  startup_stm32f0xx.o(.text)
    TIM14_IRQHandler                         0x080023bb   Thumb Code     0  startup_stm32f0xx.o(.text)
    TIM15_IRQHandler                         0x080023bb   Thumb Code     0  startup_stm32f0xx.o(.text)
    TIM16_IRQHandler                         0x080023bb   Thumb Code     0  startup_stm32f0xx.o(.text)
    TIM17_IRQHandler                         0x080023bb   Thumb Code     0  startup_stm32f0xx.o(.text)
    TIM1_BRK_UP_TRG_COM_IRQHandler           0x080023bb   Thumb Code     0  startup_stm32f0xx.o(.text)
    TIM1_CC_IRQHandler                       0x080023bb   Thumb Code     0  startup_stm32f0xx.o(.text)
    TIM3_IRQHandler                          0x080023bb   Thumb Code     0  startup_stm32f0xx.o(.text)
    TIM6_DAC_IRQHandler                      0x080023bb   Thumb Code     0  startup_stm32f0xx.o(.text)
    TS_IRQHandler                            0x080023bb   Thumb Code     0  startup_stm32f0xx.o(.text)
    USART1_IRQHandler                        0x080023bb   Thumb Code     0  startup_stm32f0xx.o(.text)
    USART2_IRQHandler                        0x080023bb   Thumb Code     0  startup_stm32f0xx.o(.text)
    WWDG_IRQHandler                          0x080023bb   Thumb Code     0  startup_stm32f0xx.o(.text)
    SystemInit                               0x080023c5   Thumb Code    84  system_stm32f0xx.o(.text)
    SystemCoreClockUpdate                    0x08002419   Thumb Code    90  system_stm32f0xx.o(.text)
    __aeabi_uidiv                            0x0800251d   Thumb Code     0  uidiv.o(.text)
    __aeabi_uidivmod                         0x0800251d   Thumb Code    44  uidiv.o(.text)
    __aeabi_idiv                             0x08002549   Thumb Code     0  idiv.o(.text)
    __aeabi_idivmod                          0x08002549   Thumb Code    40  idiv.o(.text)
    __aeabi_memset                           0x08002571   Thumb Code    14  memseta.o(.text)
    __aeabi_memset4                          0x08002571   Thumb Code     0  memseta.o(.text)
    __aeabi_memset8                          0x08002571   Thumb Code     0  memseta.o(.text)
    __aeabi_memclr                           0x0800257f   Thumb Code     4  memseta.o(.text)
    __aeabi_memclr4                          0x0800257f   Thumb Code     0  memseta.o(.text)
    __aeabi_memclr8                          0x0800257f   Thumb Code     0  memseta.o(.text)
    _memset$wrapper                          0x08002583   Thumb Code    18  memseta.o(.text)
    __scatterload                            0x08002595   Thumb Code    28  init.o(.text)
    __scatterload_rt2                        0x08002595   Thumb Code     0  init.o(.text)
    __scatterload_copy                       0x080025b9   Thumb Code    14  handlers.o(i.__scatterload_copy)
    __scatterload_null                       0x080025c7   Thumb Code     2  handlers.o(i.__scatterload_null)
    __scatterload_zeroinit                   0x080025c9   Thumb Code    14  handlers.o(i.__scatterload_zeroinit)
    BUTTON_PIN                               0x080025d8   Data           2  stm32f0_discovery.o(.constdata)
    BUTTON_EXTI_LINE                         0x080025da   Data           2  stm32f0_discovery.o(.constdata)
    BUTTON_PORT_SOURCE                       0x080025dc   Data           2  stm32f0_discovery.o(.constdata)
    BUTTON_PIN_SOURCE                        0x080025de   Data           2  stm32f0_discovery.o(.constdata)
    BUTTON_IRQn                              0x080025e0   Data           2  stm32f0_discovery.o(.constdata)
    GPIO_PIN                                 0x080025e2   Data           4  stm32f0_discovery.o(.constdata)
    BUTTON_CLK                               0x080025e8   Data           4  stm32f0_discovery.o(.constdata)
    GPIO_CLK                                 0x080025ec   Data           8  stm32f0_discovery.o(.constdata)
    Region$$Table$$Base                      0x080025f4   Number         0  anon$$obj.o(Region$$Table)
    Region$$Table$$Limit                     0x08002614   Number         0  anon$$obj.o(Region$$Table)
    adc                                      0x20000000   Data           2  main2.o(.data)
    playfield                                0x20000002   Data           8  main2.o(.data)
    DMA_EndOfTransfer                        0x20000010   Data           4  stm32f0xx_it.o(.data)
    BUTTON_PORT                              0x20000014   Data           4  stm32f0_discovery.o(.data)
    GPIO_PORT                                0x20000018   Data           8  stm32f0_discovery.o(.data)
    SystemCoreClock                          0x20000030   Data           4  system_stm32f0xx.o(.data)
    AHBPrescTable                            0x20000034   Data          16  system_stm32f0xx.o(.data)
    RxBuffer                                 0x20000044   Data          11  main2.o(.bss)
    __initial_sp                             0x20000450   Data           0  startup_stm32f0xx.o(STACK)



==============================================================================

Memory Map of the image

  Image Entry point : 0x080000c1

  Load Region LR_IROM1 (Base: 0x08000000, Size: 0x00002658, Max: 0x00010000, ABSOLUTE)

    Execution Region ER_IROM1 (Exec base: 0x08000000, Load base: 0x08000000, Size: 0x00002614, Max: 0x00010000, ABSOLUTE)

    Exec Addr    Load Addr    Size         Type   Attr      Idx    E Section Name        Object

    0x08000000   0x08000000   0x000000c0   Data   RO          370    RESET               startup_stm32f0xx.o
    0x080000c0   0x080000c0   0x00000000   Code   RO          397  * .ARM.Collect$$$$00000000  mc_p.l(entry.o)
    0x080000c0   0x080000c0   0x00000004   Code   RO          406    .ARM.Collect$$$$00000001  mc_p.l(entry2.o)
    0x080000c4   0x080000c4   0x00000004   Code   RO          409    .ARM.Collect$$$$00000004  mc_p.l(entry5.o)
    0x080000c8   0x080000c8   0x00000000   Code   RO          411    .ARM.Collect$$$$00000008  mc_p.l(entry7b.o)
    0x080000c8   0x080000c8   0x00000000   Code   RO          413    .ARM.Collect$$$$0000000A  mc_p.l(entry8b.o)
    0x080000c8   0x080000c8   0x00000008   Code   RO          414    .ARM.Collect$$$$0000000B  mc_p.l(entry9a.o)
    0x080000d0   0x080000d0   0x00000004   Code   RO          421    .ARM.Collect$$$$0000000E  mc_p.l(entry12b.o)
    0x080000d4   0x080000d4   0x00000000   Code   RO          416    .ARM.Collect$$$$0000000F  mc_p.l(entry10a.o)
    0x080000d4   0x080000d4   0x00000000   Code   RO          418    .ARM.Collect$$$$00000011  mc_p.l(entry11a.o)
    0x080000d4   0x080000d4   0x00000004   Code   RO          407    .ARM.Collect$$$$00002712  mc_p.l(entry2.o)
    0x080000d8   0x080000d8   0x0000048a   Code   RO            2    .text               main2.o
    0x08000562   0x08000562   0x00000002   PAD
    0x08000564   0x08000564   0x000001c0   Code   RO          118    .text               helper.o
    0x08000724   0x08000724   0x0000005c   Code   RO          143    .text               stm32f0xx_it.o
    0x08000780   0x08000780   0x0000011c   Code   RO          170    .text               stm32f0_discovery.o
    0x0800089c   0x0800089c   0x00000124   Code   RO          206    .text               stm32f0xx_dma.o
    0x080009c0   0x080009c0   0x000000d4   Code   RO          222    .text               stm32f0xx_exti.o
    0x08000a94   0x08000a94   0x0000015c   Code   RO          238    .text               stm32f0xx_gpio.o
    0x08000bf0   0x08000bf0   0x0000007c   Code   RO          254    .text               stm32f0xx_misc.o
    0x08000c6c   0x08000c6c   0x0000040c   Code   RO          270    .text               stm32f0xx_rcc.o
    0x08001078   0x08001078   0x00000098   Code   RO          288    .text               stm32f0xx_syscfg.o
    0x08001110   0x08001110   0x0000091c   Code   RO          304    .text               stm32f0xx_tim.o
    0x08001a2c   0x08001a2c   0x00000462   Code   RO          321    .text               stm32f0xx_usart.o
    0x08001e8e   0x08001e8e   0x00000002   PAD
    0x08001e90   0x08001e90   0x00000224   Code   RO          337    .text               stm32f0xx_adc.o
    0x080020b4   0x080020b4   0x000002f4   Code   RO          353    .text               stm32f0xx_spi.o
    0x080023a8   0x080023a8   0x0000001c   Code   RO          371    .text               startup_stm32f0xx.o
    0x080023c4   0x080023c4   0x00000158   Code   RO          376    .text               system_stm32f0xx.o
    0x0800251c   0x0800251c   0x0000002c   Code   RO          400    .text               mc_p.l(uidiv.o)
    0x08002548   0x08002548   0x00000028   Code   RO          402    .text               mc_p.l(idiv.o)
    0x08002570   0x08002570   0x00000024   Code   RO          404    .text               mc_p.l(memseta.o)
    0x08002594   0x08002594   0x00000024   Code   RO          422    .text               mc_p.l(init.o)
    0x080025b8   0x080025b8   0x0000000e   Code   RO          426    i.__scatterload_copy  mc_p.l(handlers.o)
    0x080025c6   0x080025c6   0x00000002   Code   RO          427    i.__scatterload_null  mc_p.l(handlers.o)
    0x080025c8   0x080025c8   0x0000000e   Code   RO          428    i.__scatterload_zeroinit  mc_p.l(handlers.o)
    0x080025d6   0x080025d6   0x00000002   PAD
    0x080025d8   0x080025d8   0x0000001c   Data   RO          171    .constdata          stm32f0_discovery.o
    0x080025f4   0x080025f4   0x00000020   Data   RO          424    Region$$Table       anon$$obj.o


    Execution Region RW_IRAM1 (Exec base: 0x20000000, Load base: 0x08002614, Size: 0x00000450, Max: 0x00002000, ABSOLUTE)

    Exec Addr    Load Addr    Size         Type   Attr      Idx    E Section Name        Object

    0x20000000   0x08002614   0x0000000a   Data   RW            4    .data               main2.o
    0x2000000a   0x0800261e   0x00000002   PAD
    0x2000000c   0x08002620   0x00000004   Data   RW          119    .data               helper.o
    0x20000010   0x08002624   0x00000004   Data   RW          145    .data               stm32f0xx_it.o
    0x20000014   0x08002628   0x0000000c   Data   RW          172    .data               stm32f0_discovery.o
    0x20000020   0x08002634   0x00000010   Data   RW          271    .data               stm32f0xx_rcc.o
    0x20000030   0x08002644   0x00000014   Data   RW          377    .data               system_stm32f0xx.o
    0x20000044        -       0x0000000b   Zero   RW            3    .bss                main2.o
    0x2000004f   0x08002658   0x00000001   PAD
    0x20000050        -       0x00000400   Zero   RW          368    STACK               startup_stm32f0xx.o


==============================================================================

Image component sizes


      Code (inc. data)   RO Data    RW Data    ZI Data      Debug   Object Name

       448         24          0          4          0       3309   helper.o
      1162        134          0         10         11     169551   main2.o
        28          8        192          0       1024        600   startup_stm32f0xx.o
       284         10         28         12          0       2855   stm32f0_discovery.o
       548         12          0          0          0       7235   stm32f0xx_adc.o
       292         12          0          0          0       3710   stm32f0xx_dma.o
       212         14          0          0          0       2431   stm32f0xx_exti.o
       348         22          0          0          0       3937   stm32f0xx_gpio.o
        92         12          0          4          0       1778   stm32f0xx_it.o
       124         16          0          0          0       1472   stm32f0xx_misc.o
      1036         38          0         16          0       8870   stm32f0xx_rcc.o
       756         42          0          0          0       8047   stm32f0xx_spi.o
       152          4          0          0          0       2058   stm32f0xx_syscfg.o
      2332        122          0          0          0      22635   stm32f0xx_tim.o
      1122         12          0          0          0      12643   stm32f0xx_usart.o
       344         28          0         20          0       1703   system_stm32f0xx.o

    ----------------------------------------------------------------------
      9284        510        252         68       1036     252834   Object Totals
         0          0         32          0          0          0   (incl. Generated)
         4          0          0          2          1          0   (incl. Padding)

    ----------------------------------------------------------------------

      Code (inc. data)   RO Data    RW Data    ZI Data      Debug   Library Member Name

         0          0          0          0          0          0   entry.o
         0          0          0          0          0          0   entry10a.o
         0          0          0          0          0          0   entry11a.o
         4          0          0          0          0          0   entry12b.o
         8          4          0          0          0          0   entry2.o
         4          0          0          0          0          0   entry5.o
         0          0          0          0          0          0   entry7b.o
         0          0          0          0          0          0   entry8b.o
         8          4          0          0          0          0   entry9a.o
        30          0          0          0          0          0   handlers.o
        40          0          0          0          0         72   idiv.o
        36          8          0          0          0         68   init.o
        36          0          0          0          0        100   memseta.o
        44          0          0          0          0         72   uidiv.o

    ----------------------------------------------------------------------
       212         16          0          0          0        312   Library Totals
         2          0          0          0          0          0   (incl. Padding)

    ----------------------------------------------------------------------

      Code (inc. data)   RO Data    RW Data    ZI Data      Debug   Library Name

       210         16          0          0          0        312   mc_p.l

    ----------------------------------------------------------------------
       212         16          0          0          0        312   Library Totals

    ----------------------------------------------------------------------

==============================================================================


      Code (inc. data)   RO Data    RW Data    ZI Data      Debug   

      9496        526        252         68       1036     251098   Grand Totals
      9496        526        252         68       1036     251098   ELF Image Totals
      9496        526        252         68          0          0   ROM Totals

==============================================================================

    Total RO  Size (Code + RO Data)                 9748 (   9.52kB)
    Total RW  Size (RW Data + ZI Data)              1104 (   1.08kB)
    Total ROM Size (Code + RO Data + RW Data)       9816 (   9.59kB)

==============================================================================

