<html>
<body>
<pre>
<h1>µVision Build Log</h1>
<h2>Tool Versions:</h2>
IDE-Version: ÂµVision V5.33.0.0
Copyright (C) 2020 ARM Ltd and ARM Germany GmbH. All rights reserved.
License Information: wimjan van den berg, windesheim, LIC=----
 
Tool Versions:
Toolchain:       MDK-Lite  Version: 5.33.0.0
Toolchain Path:  C:\Keil_v5\ARM\ARMCC\Bin
C Compiler:      Armcc.exe V5.06 update 7 (build 960)
Assembler:       Armasm.exe V5.06 update 7 (build 960)
Linker/Locator:  ArmLink.exe V5.06 update 7 (build 960)
Library Manager: ArmAr.exe V5.06 update 7 (build 960)
Hex Converter:   FromElf.exe V5.06 update 7 (build 960)
CPU DLL:         SARMCM3.DLL V5.33.0.0
Dialog DLL:      DARMCM1.DLL V1.19.4.0
Target DLL:      STLink\ST-LINKIII-KEIL_SWO.dll V3.0.8.0
Dialog DLL:      TARMCM1.DLL V1.14.3.0
 
<h2>Project:</h2>
E:\project\pong\Final_assignment\projects\eindopdacht\dma.uvprojx
Project File Date:  05/05/2021

<h2>Output:</h2>
*** Using Compiler 'V5.06 update 7 (build 960)', folder: 'C:\Keil_v5\ARM\ARMCC\Bin'
Rebuild target 'Final'
compiling stm32f0xx_misc.c...
compiling stm32f0xx_syscfg.c...
compiling stm32f0_discovery.c...
compiling main2.c...
src\main2.c(358): warning:  #177-D: variable "horizontalpos"  was declared but never referenced
  	uint8_t horizontalpos=1;
src\main2.c(359): warning:  #177-D: variable "hdir"  was declared but never referenced
  	hdirection hdir = left;
src\main2.c(360): warning:  #177-D: variable "vdir"  was declared but never referenced
  	vdirection vdir = up;
src\main2.c: 3 warnings, 0 errors
compiling stm32f0xx_exti.c...
compiling stm32f0xx_dac.c...
compiling stm32f0xx_dma.c...
compiling stm32f0xx_it.c...
compiling helper.c...
src\helper.c(215): warning:  #188-D: enumerated type mixed with another type
  		GPIO_WriteBit (GPIOA, DIN_PIN, byte&0x80);  // write the MSB bit to the data pin
src\helper.c: 1 warning, 0 errors
compiling stm32f0xx_gpio.c...
compiling stm32f0xx_rcc.c...
assembling startup_stm32f0xx.s...
compiling stm32f0xx_adc.c...
compiling system_stm32f0xx.c...
compiling stm32f0xx_usart.c...
compiling stm32f0xx_spi.c...
compiling stm32f0xx_tim.c...
linking...
Program Size: Code=9688 RO-data=252 RW-data=72 ZI-data=1040  
FromELF: creating hex file...
".\obj\dma.axf" - 0 Error(s), 4 Warning(s).

<h2>Software Packages used:</h2>

Package Vendor: Keil
                http://www.keil.com/pack/Keil.STM32F0xx_DFP.2.1.0.pack
                Keil.STM32F0xx_DFP.2.1.0
                STMicroelectronics STM32F0 Series Device Support, Drivers and Examples

<h2>Collection of Component include folders:</h2>
  C:\Users\wimjan\AppData\Local\Arm\Packs\Keil\STM32F0xx_DFP\2.1.0\Drivers\CMSIS\Device\ST\STM32F0xx\Include

<h2>Collection of Component Files used:</h2>
Build Time Elapsed:  00:00:01
</pre>
</body>
</html>
