Component: ARM Compiler 5.06 update 7 (build 960) Tool: armlink [4d3601]

==============================================================================

Section Cross References

    main2.o(.text) refers to stm32f0xx_misc.o(.text) for NVIC_Init
    main2.o(.text) refers to stm32f0xx_syscfg.o(.text) for SYSCFG_EXTILineConfig
    main2.o(.text) refers to stm32f0xx_exti.o(.text) for EXTI_Init
    main2.o(.text) refers to stm32f0xx_rcc.o(.text) for RCC_AHBPeriphClockCmd
    main2.o(.text) refers to stm32f0xx_gpio.o(.text) for GPIO_Init
    main2.o(.text) refers to stm32f0xx_adc.o(.text) for ADC_Init
    main2.o(.text) refers to stm32f0xx_tim.o(.text) for TIM_ITConfig
    main2.o(.text) refers to memseta.o(.text) for __aeabi_memclr4
    main2.o(.text) refers to stm32f0xx_spi.o(.text) for SPI_Init
    main2.o(.text) refers to stm32f0_discovery.o(.text) for STM_EVAL_LEDInit
    main2.o(.text) refers to helper.o(.text) for USART_Setup
    main2.o(.text) refers to stm32f0xx_dma.o(.text) for DMA_DeInit
    main2.o(.text) refers to stm32f0xx_usart.o(.text) for USART_DMACmd
    main2.o(.text) refers to uidiv.o(.text) for __aeabi_uidivmod
    main2.o(.text) refers to main2.o(.bss) for .bss
    main2.o(.text) refers to system_stm32f0xx.o(.data) for SystemCoreClock
    main2.o(.text) refers to main2.o(.data) for .data
    helper.o(.text) refers to stm32f0xx_rcc.o(.text) for RCC_AHBPeriphClockCmd
    helper.o(.text) refers to stm32f0xx_gpio.o(.text) for GPIO_PinAFConfig
    helper.o(.text) refers to stm32f0xx_usart.o(.text) for USART_StructInit
    helper.o(.text) refers to idiv.o(.text) for __aeabi_idivmod
    helper.o(.text) refers to helper.o(.data) for .data
    stm32f0xx_it.o(.text) refers to helper.o(.text) for TimingDelay_Decrement
    stm32f0xx_it.o(.text) refers to stm32f0xx_dma.o(.text) for DMA_GetITStatus
    stm32f0xx_it.o(.text) refers to stm32f0xx_tim.o(.text) for TIM_GetITStatus
    stm32f0xx_it.o(.text) refers to stm32f0xx_adc.o(.text) for ADC_GetConversionValue
    stm32f0xx_it.o(.text) refers to stm32f0xx_exti.o(.text) for EXTI_GetITStatus
    stm32f0xx_it.o(.text) refers to stm32f0_discovery.o(.text) for STM_EVAL_LEDToggle
    stm32f0xx_it.o(.text) refers to stm32f0xx_it.o(.data) for .data
    stm32f0xx_it.o(.text) refers to main2.o(.data) for playfield
    stm32f0_discovery.o(.text) refers to stm32f0xx_rcc.o(.text) for RCC_AHBPeriphClockCmd
    stm32f0_discovery.o(.text) refers to stm32f0xx_gpio.o(.text) for GPIO_Init
    stm32f0_discovery.o(.text) refers to stm32f0xx_syscfg.o(.text) for SYSCFG_EXTILineConfig
    stm32f0_discovery.o(.text) refers to stm32f0xx_exti.o(.text) for EXTI_Init
    stm32f0_discovery.o(.text) refers to stm32f0xx_misc.o(.text) for NVIC_Init
    stm32f0_discovery.o(.text) refers to stm32f0_discovery.o(.constdata) for .constdata
    stm32f0_discovery.o(.text) refers to stm32f0_discovery.o(.data) for .data
    stm32f0xx_dac.o(.text) refers to stm32f0xx_rcc.o(.text) for RCC_APB1PeriphResetCmd
    stm32f0xx_gpio.o(.text) refers to stm32f0xx_rcc.o(.text) for RCC_AHBPeriphResetCmd
    stm32f0xx_rcc.o(.text) refers to uidiv.o(.text) for __aeabi_uidivmod
    stm32f0xx_rcc.o(.text) refers to stm32f0xx_rcc.o(.data) for .data
    stm32f0xx_tim.o(.text) refers to stm32f0xx_rcc.o(.text) for RCC_APB1PeriphResetCmd
    stm32f0xx_usart.o(.text) refers to stm32f0xx_rcc.o(.text) for RCC_APB2PeriphResetCmd
    stm32f0xx_usart.o(.text) refers to uidiv.o(.text) for __aeabi_uidivmod
    stm32f0xx_adc.o(.text) refers to stm32f0xx_rcc.o(.text) for RCC_APB2PeriphResetCmd
    stm32f0xx_spi.o(.text) refers to stm32f0xx_rcc.o(.text) for RCC_APB2PeriphResetCmd
    stm32f0xx_spi.o(.text) refers to uidiv.o(.text) for __aeabi_uidivmod
    startup_stm32f0xx.o(RESET) refers to startup_stm32f0xx.o(STACK) for __initial_sp
    startup_stm32f0xx.o(RESET) refers to startup_stm32f0xx.o(.text) for Reset_Handler
    startup_stm32f0xx.o(RESET) refers to stm32f0xx_it.o(.text) for NMI_Handler
    startup_stm32f0xx.o(.text) refers to system_stm32f0xx.o(.text) for SystemInit
    startup_stm32f0xx.o(.text) refers to entry.o(.ARM.Collect$$$$00000000) for __main
    system_stm32f0xx.o(.text) refers to uidiv.o(.text) for __aeabi_uidivmod
    system_stm32f0xx.o(.text) refers to system_stm32f0xx.o(.data) for .data
    entry.o(.ARM.Collect$$$$00000000) refers (Special) to entry10a.o(.ARM.Collect$$$$0000000F) for __rt_final_cpp
    entry.o(.ARM.Collect$$$$00000000) refers (Special) to entry11a.o(.ARM.Collect$$$$00000011) for __rt_final_exit
    entry.o(.ARM.Collect$$$$00000000) refers (Special) to entry12b.o(.ARM.Collect$$$$0000000E) for __rt_lib_shutdown_fini
    entry.o(.ARM.Collect$$$$00000000) refers (Special) to entry7b.o(.ARM.Collect$$$$00000008) for _main_clock
    entry.o(.ARM.Collect$$$$00000000) refers (Special) to entry8b.o(.ARM.Collect$$$$0000000A) for _main_cpp_init
    entry.o(.ARM.Collect$$$$00000000) refers (Special) to entry9a.o(.ARM.Collect$$$$0000000B) for _main_init
    entry.o(.ARM.Collect$$$$00000000) refers (Special) to entry5.o(.ARM.Collect$$$$00000004) for _main_scatterload
    entry.o(.ARM.Collect$$$$00000000) refers (Special) to entry2.o(.ARM.Collect$$$$00000001) for _main_stk
    idiv.o(.text) refers to uidiv.o(.text) for __aeabi_uidivmod
    entry2.o(.ARM.Collect$$$$00000001) refers to entry2.o(.ARM.Collect$$$$00002712) for __lit__00000000
    entry2.o(.ARM.Collect$$$$00002712) refers to startup_stm32f0xx.o(STACK) for __initial_sp
    entry2.o(__vectab_stack_and_reset_area) refers to startup_stm32f0xx.o(STACK) for __initial_sp
    entry2.o(__vectab_stack_and_reset_area) refers to entry.o(.ARM.Collect$$$$00000000) for __main
    entry5.o(.ARM.Collect$$$$00000004) refers to init.o(.text) for __scatterload
    entry9a.o(.ARM.Collect$$$$0000000B) refers to main2.o(.text) for main
    entry9b.o(.ARM.Collect$$$$0000000C) refers to main2.o(.text) for main
    init.o(.text) refers to entry5.o(.ARM.Collect$$$$00000004) for __main_after_scatterload


==============================================================================

Removing Unused input sections from the image.

    Removing main2.o(.emb_text), (8 bytes).
    Removing main2.o(.data), (7 bytes).
    Removing helper.o(.emb_text), (8 bytes).
    Removing stm32f0xx_it.o(.emb_text), (8 bytes).
    Removing stm32f0xx_it.o(.bss), (10 bytes).
    Removing stm32f0xx_it.o(.data), (1 bytes).
    Removing stm32f0xx_it.o(.data), (4 bytes).
    Removing stm32f0_discovery.o(.emb_text), (8 bytes).
    Removing stm32f0xx_dac.o(.emb_text), (8 bytes).
    Removing stm32f0xx_dac.o(.text), (244 bytes).
    Removing stm32f0xx_dma.o(.emb_text), (8 bytes).
    Removing stm32f0xx_exti.o(.emb_text), (8 bytes).
    Removing stm32f0xx_gpio.o(.emb_text), (8 bytes).
    Removing stm32f0xx_misc.o(.emb_text), (8 bytes).
    Removing stm32f0xx_rcc.o(.emb_text), (8 bytes).
    Removing stm32f0xx_syscfg.o(.emb_text), (8 bytes).
    Removing stm32f0xx_tim.o(.emb_text), (8 bytes).
    Removing stm32f0xx_usart.o(.emb_text), (8 bytes).
    Removing stm32f0xx_adc.o(.emb_text), (8 bytes).
    Removing stm32f0xx_spi.o(.emb_text), (8 bytes).
    Removing startup_stm32f0xx.o(HEAP), (512 bytes).
    Removing system_stm32f0xx.o(.emb_text), (8 bytes).

22 unused section(s) (total 906 bytes) removed from the image.

==============================================================================

Image Symbol Table

    Local Symbols

    Symbol Name                              Value     Ov Type        Size  Object(Section)

    ../clib/microlib/division.c              0x00000000   Number         0  idiv.o ABSOLUTE
    ../clib/microlib/division.c              0x00000000   Number         0  uidiv.o ABSOLUTE
    ../clib/microlib/init/entry.s            0x00000000   Number         0  entry8b.o ABSOLUTE
    ../clib/microlib/init/entry.s            0x00000000   Number         0  entry10a.o ABSOLUTE
    ../clib/microlib/init/entry.s            0x00000000   Number         0  entry9b.o ABSOLUTE
    ../clib/microlib/init/entry.s            0x00000000   Number         0  entry9a.o ABSOLUTE
    ../clib/microlib/init/entry.s            0x00000000   Number         0  entry8a.o ABSOLUTE
    ../clib/microlib/init/entry.s            0x00000000   Number         0  entry7b.o ABSOLUTE
    ../clib/microlib/init/entry.s            0x00000000   Number         0  entry.o ABSOLUTE
    ../clib/microlib/init/entry.s            0x00000000   Number         0  entry7a.o ABSOLUTE
    ../clib/microlib/init/entry.s            0x00000000   Number         0  entry10b.o ABSOLUTE
    ../clib/microlib/init/entry.s            0x00000000   Number         0  entry5.o ABSOLUTE
    ../clib/microlib/init/entry.s            0x00000000   Number         0  entry2.o ABSOLUTE
    ../clib/microlib/init/entry.s            0x00000000   Number         0  entry11a.o ABSOLUTE
    ../clib/microlib/init/entry.s            0x00000000   Number         0  entry11b.o ABSOLUTE
    ../clib/microlib/init/entry.s            0x00000000   Number         0  entry12a.o ABSOLUTE
    ../clib/microlib/init/entry.s            0x00000000   Number         0  entry12b.o ABSOLUTE
    ../clib/microlib/string/memset.c         0x00000000   Number         0  memseta.o ABSOLUTE
    ..\..\libraries\STM32F0xx_StdPeriph_Driver\src\stm32f0xx_adc.c 0x00000000   Number         0  stm32f0xx_adc.o ABSOLUTE
    ..\..\libraries\STM32F0xx_StdPeriph_Driver\src\stm32f0xx_dac.c 0x00000000   Number         0  stm32f0xx_dac.o ABSOLUTE
    ..\..\libraries\STM32F0xx_StdPeriph_Driver\src\stm32f0xx_dma.c 0x00000000   Number         0  stm32f0xx_dma.o ABSOLUTE
    ..\..\libraries\STM32F0xx_StdPeriph_Driver\src\stm32f0xx_exti.c 0x00000000   Number         0  stm32f0xx_exti.o ABSOLUTE
    ..\..\libraries\STM32F0xx_StdPeriph_Driver\src\stm32f0xx_gpio.c 0x00000000   Number         0  stm32f0xx_gpio.o ABSOLUTE
    ..\..\libraries\STM32F0xx_StdPeriph_Driver\src\stm32f0xx_misc.c 0x00000000   Number         0  stm32f0xx_misc.o ABSOLUTE
    ..\..\libraries\STM32F0xx_StdPeriph_Driver\src\stm32f0xx_rcc.c 0x00000000   Number         0  stm32f0xx_rcc.o ABSOLUTE
    ..\..\libraries\STM32F0xx_StdPeriph_Driver\src\stm32f0xx_spi.c 0x00000000   Number         0  stm32f0xx_spi.o ABSOLUTE
    ..\..\libraries\STM32F0xx_StdPeriph_Driver\src\stm32f0xx_syscfg.c 0x00000000   Number         0  stm32f0xx_syscfg.o ABSOLUTE
    ..\..\libraries\STM32F0xx_StdPeriph_Driver\src\stm32f0xx_tim.c 0x00000000   Number         0  stm32f0xx_tim.o ABSOLUTE
    ..\..\libraries\STM32F0xx_StdPeriph_Driver\src\stm32f0xx_usart.c 0x00000000   Number         0  stm32f0xx_usart.o ABSOLUTE
    ..\..\utilities\STM32F0-Discovery\stm32f0_discovery.c 0x00000000   Number         0  stm32f0_discovery.o ABSOLUTE
    ..\\..\\libraries\\STM32F0xx_StdPeriph_Driver\\src\\stm32f0xx_adc.c 0x00000000   Number         0  stm32f0xx_adc.o ABSOLUTE
    ..\\..\\libraries\\STM32F0xx_StdPeriph_Driver\\src\\stm32f0xx_dac.c 0x00000000   Number         0  stm32f0xx_dac.o ABSOLUTE
    ..\\..\\libraries\\STM32F0xx_StdPeriph_Driver\\src\\stm32f0xx_dma.c 0x00000000   Number         0  stm32f0xx_dma.o ABSOLUTE
    ..\\..\\libraries\\STM32F0xx_StdPeriph_Driver\\src\\stm32f0xx_exti.c 0x00000000   Number         0  stm32f0xx_exti.o ABSOLUTE
    ..\\..\\libraries\\STM32F0xx_StdPeriph_Driver\\src\\stm32f0xx_gpio.c 0x00000000   Number         0  stm32f0xx_gpio.o ABSOLUTE
    ..\\..\\libraries\\STM32F0xx_StdPeriph_Driver\\src\\stm32f0xx_misc.c 0x00000000   Number         0  stm32f0xx_misc.o ABSOLUTE
    ..\\..\\libraries\\STM32F0xx_StdPeriph_Driver\\src\\stm32f0xx_rcc.c 0x00000000   Number         0  stm32f0xx_rcc.o ABSOLUTE
    ..\\..\\libraries\\STM32F0xx_StdPeriph_Driver\\src\\stm32f0xx_spi.c 0x00000000   Number         0  stm32f0xx_spi.o ABSOLUTE
    ..\\..\\libraries\\STM32F0xx_StdPeriph_Driver\\src\\stm32f0xx_syscfg.c 0x00000000   Number         0  stm32f0xx_syscfg.o ABSOLUTE
    ..\\..\\libraries\\STM32F0xx_StdPeriph_Driver\\src\\stm32f0xx_tim.c 0x00000000   Number         0  stm32f0xx_tim.o ABSOLUTE
    ..\\..\\libraries\\STM32F0xx_StdPeriph_Driver\\src\\stm32f0xx_usart.c 0x00000000   Number         0  stm32f0xx_usart.o ABSOLUTE
    ..\\..\\utilities\\STM32F0-Discovery\\stm32f0_discovery.c 0x00000000   Number         0  stm32f0_discovery.o ABSOLUTE
    dc.s                                     0x00000000   Number         0  dc.o ABSOLUTE
    handlers.s                               0x00000000   Number         0  handlers.o ABSOLUTE
    init.s                                   0x00000000   Number         0  init.o ABSOLUTE
    src\\helper.c                            0x00000000   Number         0  helper.o ABSOLUTE
    src\\main2.c                             0x00000000   Number         0  main2.o ABSOLUTE
    src\\stm32f0xx_it.c                      0x00000000   Number         0  stm32f0xx_it.o ABSOLUTE
    src\helper.c                             0x00000000   Number         0  helper.o ABSOLUTE
    src\main2.c                              0x00000000   Number         0  main2.o ABSOLUTE
    src\stm32f0xx_it.c                       0x00000000   Number         0  stm32f0xx_it.o ABSOLUTE
    startup\\system_stm32f0xx.c              0x00000000   Number         0  system_stm32f0xx.o ABSOLUTE
    startup\startup_stm32f0xx.s              0x00000000   Number         0  startup_stm32f0xx.o ABSOLUTE
    startup\system_stm32f0xx.c               0x00000000   Number         0  system_stm32f0xx.o ABSOLUTE
    RESET                                    0x08000000   Section      192  startup_stm32f0xx.o(RESET)
    .ARM.Collect$$$$00000000                 0x080000c0   Section        0  entry.o(.ARM.Collect$$$$00000000)
    .ARM.Collect$$$$00000001                 0x080000c0   Section        4  entry2.o(.ARM.Collect$$$$00000001)
    .ARM.Collect$$$$00000004                 0x080000c4   Section        4  entry5.o(.ARM.Collect$$$$00000004)
    .ARM.Collect$$$$00000008                 0x080000c8   Section        0  entry7b.o(.ARM.Collect$$$$00000008)
    .ARM.Collect$$$$0000000A                 0x080000c8   Section        0  entry8b.o(.ARM.Collect$$$$0000000A)
    .ARM.Collect$$$$0000000B                 0x080000c8   Section        8  entry9a.o(.ARM.Collect$$$$0000000B)
    .ARM.Collect$$$$0000000E                 0x080000d0   Section        4  entry12b.o(.ARM.Collect$$$$0000000E)
    .ARM.Collect$$$$0000000F                 0x080000d4   Section        0  entry10a.o(.ARM.Collect$$$$0000000F)
    .ARM.Collect$$$$00000011                 0x080000d4   Section        0  entry11a.o(.ARM.Collect$$$$00000011)
    .ARM.Collect$$$$00002712                 0x080000d4   Section        4  entry2.o(.ARM.Collect$$$$00002712)
    __lit__00000000                          0x080000d4   Data           4  entry2.o(.ARM.Collect$$$$00002712)
    .text                                    0x080000d8   Section        0  main2.o(.text)
    .text                                    0x080004ec   Section        0  helper.o(.text)
    .text                                    0x0800077c   Section        0  stm32f0xx_it.o(.text)
    .text                                    0x08000840   Section        0  stm32f0_discovery.o(.text)
    .text                                    0x0800095c   Section        0  stm32f0xx_dma.o(.text)
    .text                                    0x08000a80   Section        0  stm32f0xx_exti.o(.text)
    .text                                    0x08000b54   Section        0  stm32f0xx_gpio.o(.text)
    .text                                    0x08000cb0   Section        0  stm32f0xx_misc.o(.text)
    .text                                    0x08000d2c   Section        0  stm32f0xx_rcc.o(.text)
    .text                                    0x08001138   Section        0  stm32f0xx_syscfg.o(.text)
    .text                                    0x080011d0   Section        0  stm32f0xx_tim.o(.text)
    TI2_Config                               0x080017b5   Thumb Code    42  stm32f0xx_tim.o(.text)
    TI1_Config                               0x080017ef   Thumb Code    40  stm32f0xx_tim.o(.text)
    .text                                    0x08001aec   Section        0  stm32f0xx_usart.o(.text)
    .text                                    0x08001f50   Section        0  stm32f0xx_adc.o(.text)
    .text                                    0x08002174   Section        0  stm32f0xx_spi.o(.text)
    .text                                    0x08002468   Section       28  startup_stm32f0xx.o(.text)
    .text                                    0x08002484   Section        0  system_stm32f0xx.o(.text)
    SetSysClock                              0x08002533   Thumb Code   142  system_stm32f0xx.o(.text)
    .text                                    0x080025dc   Section        0  uidiv.o(.text)
    .text                                    0x08002608   Section        0  idiv.o(.text)
    .text                                    0x08002630   Section        0  memseta.o(.text)
    .text                                    0x08002654   Section       36  init.o(.text)
    i.__scatterload_copy                     0x08002678   Section       14  handlers.o(i.__scatterload_copy)
    i.__scatterload_null                     0x08002686   Section        2  handlers.o(i.__scatterload_null)
    i.__scatterload_zeroinit                 0x08002688   Section       14  handlers.o(i.__scatterload_zeroinit)
    .constdata                               0x08002698   Section       28  stm32f0_discovery.o(.constdata)
    .data                                    0x20000000   Section       10  main2.o(.data)
    .data                                    0x2000000c   Section        4  helper.o(.data)
    TimingDelay                              0x2000000c   Data           4  helper.o(.data)
    .data                                    0x20000010   Section        8  stm32f0xx_it.o(.data)
    .data                                    0x20000018   Section       12  stm32f0_discovery.o(.data)
    .data                                    0x20000024   Section       16  stm32f0xx_rcc.o(.data)
    APBAHBPrescTable                         0x20000024   Data          16  stm32f0xx_rcc.o(.data)
    .data                                    0x20000034   Section       20  system_stm32f0xx.o(.data)
    .bss                                     0x20000048   Section       11  main2.o(.bss)
    STACK                                    0x20000058   Section     1024  startup_stm32f0xx.o(STACK)

    Global Symbols

    Symbol Name                              Value     Ov Type        Size  Object(Section)

    BuildAttributes$$THM_ISAv3M$S$PE$A:L22$X:L11$S22$IEEE1$IW$USESV6$~STKCKD$USESV7$~SHL$OSPACE$EBA8$MICROLIB$REQ8$PRES8$EABIv2 0x00000000   Number         0  anon$$obj.o ABSOLUTE
    __ARM_use_no_argv                        0x00000000   Number         0  main2.o ABSOLUTE
    __arm_fini_                               - Undefined Weak Reference
    __cpp_initialize__aeabi_                  - Undefined Weak Reference
    __cxa_finalize                            - Undefined Weak Reference
    __decompress                              - Undefined Weak Reference
    _clock_init                               - Undefined Weak Reference
    _microlib_exit                            - Undefined Weak Reference
    __Vectors_Size                           0x000000c0   Number         0  startup_stm32f0xx.o ABSOLUTE
    __Vectors                                0x08000000   Data           4  startup_stm32f0xx.o(RESET)
    __Vectors_End                            0x080000c0   Data           0  startup_stm32f0xx.o(RESET)
    __main                                   0x080000c1   Thumb Code     0  entry.o(.ARM.Collect$$$$00000000)
    _main_stk                                0x080000c1   Thumb Code     0  entry2.o(.ARM.Collect$$$$00000001)
    _main_scatterload                        0x080000c5   Thumb Code     0  entry5.o(.ARM.Collect$$$$00000004)
    __main_after_scatterload                 0x080000c9   Thumb Code     0  entry5.o(.ARM.Collect$$$$00000004)
    _main_clock                              0x080000c9   Thumb Code     0  entry7b.o(.ARM.Collect$$$$00000008)
    _main_cpp_init                           0x080000c9   Thumb Code     0  entry8b.o(.ARM.Collect$$$$0000000A)
    _main_init                               0x080000c9   Thumb Code     0  entry9a.o(.ARM.Collect$$$$0000000B)
    __rt_lib_shutdown_fini                   0x080000d1   Thumb Code     0  entry12b.o(.ARM.Collect$$$$0000000E)
    __rt_final_cpp                           0x080000d5   Thumb Code     0  entry10a.o(.ARM.Collect$$$$0000000F)
    __rt_final_exit                          0x080000d5   Thumb Code     0  entry11a.o(.ARM.Collect$$$$00000011)
    init_nvic_button                         0x080000d9   Thumb Code    22  main2.o(.text)
    init_interrupt_button                    0x080000ef   Thumb Code    32  main2.o(.text)
    init_gpio_button                         0x0800010f   Thumb Code    40  main2.o(.text)
    init_button                              0x08000137   Thumb Code    16  main2.o(.text)
    init_ADC                                 0x08000147   Thumb Code    84  main2.o(.text)
    init_interrupt_timer3                    0x0800019b   Thumb Code    42  main2.o(.text)
    init_Timer3                              0x080001c5   Thumb Code    74  main2.o(.text)
    init_interrupt_timer2                    0x0800020f   Thumb Code    42  main2.o(.text)
    init_Timer2                              0x08000239   Thumb Code    36  main2.o(.text)
    SPI_init                                 0x0800025d   Thumb Code    78  main2.o(.text)
    GPIO_SPI_init                            0x080002ab   Thumb Code    40  main2.o(.text)
    init_GPIO                                0x080002d3   Thumb Code    62  main2.o(.text)
    init_main                                0x08000311   Thumb Code    60  main2.o(.text)
    init_DMA                                 0x0800034d   Thumb Code    86  main2.o(.text)
    main                                     0x080003a3   Thumb Code   178  main2.o(.text)
    delay                                    0x08000455   Thumb Code    14  main2.o(.text)
    USART_Setup                              0x080004ed   Thumb Code   102  helper.o(.text)
    USART_Putc                               0x08000553   Thumb Code    16  helper.o(.text)
    USART_Putstr                             0x08000563   Thumb Code    62  helper.o(.text)
    USART_Getc                               0x080005a1   Thumb Code    32  helper.o(.text)
    USART_Getstr                             0x080005c1   Thumb Code    70  helper.o(.text)
    USART_Clearscreen                        0x08000607   Thumb Code    30  helper.o(.text)
    map                                      0x08000625   Thumb Code    10  helper.o(.text)
    USART_itoa                               0x0800062f   Thumb Code    70  helper.o(.text)
    moveDot                                  0x08000675   Thumb Code    74  helper.o(.text)
    write_matrix                             0x080006bf   Thumb Code    50  helper.o(.text)
    write_frame                              0x080006f1   Thumb Code    40  helper.o(.text)
    max_init                                 0x08000719   Thumb Code    44  helper.o(.text)
    Delay                                    0x08000745   Thumb Code    16  helper.o(.text)
    TimingDelay_Decrement                    0x08000755   Thumb Code    16  helper.o(.text)
    NMI_Handler                              0x0800077d   Thumb Code     2  stm32f0xx_it.o(.text)
    HardFault_Handler                        0x0800077f   Thumb Code     2  stm32f0xx_it.o(.text)
    SVC_Handler                              0x08000781   Thumb Code     2  stm32f0xx_it.o(.text)
    PendSV_Handler                           0x08000783   Thumb Code     2  stm32f0xx_it.o(.text)
    SysTick_Handler                          0x08000785   Thumb Code     8  stm32f0xx_it.o(.text)
    DMA1_Channel1_IRQHandler                 0x0800078d   Thumb Code    24  stm32f0xx_it.o(.text)
    TIM2_IRQHandler                          0x080007a5   Thumb Code    68  stm32f0xx_it.o(.text)
    TIM3_IRQHandler                          0x080007e9   Thumb Code    40  stm32f0xx_it.o(.text)
    EXTI0_1_IRQHandler                       0x08000811   Thumb Code    26  stm32f0xx_it.o(.text)
    STM_EVAL_LEDInit                         0x08000841   Thumb Code    52  stm32f0_discovery.o(.text)
    STM_EVAL_LEDOn                           0x08000875   Thumb Code    18  stm32f0_discovery.o(.text)
    STM_EVAL_LEDOff                          0x08000887   Thumb Code    18  stm32f0_discovery.o(.text)
    STM_EVAL_LEDToggle                       0x08000899   Thumb Code    22  stm32f0_discovery.o(.text)
    STM_EVAL_PBInit                          0x080008af   Thumb Code   140  stm32f0_discovery.o(.text)
    STM_EVAL_PBGetState                      0x0800093b   Thumb Code    24  stm32f0_discovery.o(.text)
    DMA_DeInit                               0x0800095d   Thumb Code   100  stm32f0xx_dma.o(.text)
    DMA_Init                                 0x080009c1   Thumb Code    56  stm32f0xx_dma.o(.text)
    DMA_StructInit                           0x080009f9   Thumb Code    26  stm32f0xx_dma.o(.text)
    DMA_Cmd                                  0x08000a13   Thumb Code    20  stm32f0xx_dma.o(.text)
    DMA_SetCurrDataCounter                   0x08000a27   Thumb Code     4  stm32f0xx_dma.o(.text)
    DMA_GetCurrDataCounter                   0x08000a2b   Thumb Code     6  stm32f0xx_dma.o(.text)
    DMA_ITConfig                             0x08000a31   Thumb Code    16  stm32f0xx_dma.o(.text)
    DMA_GetFlagStatus                        0x08000a41   Thumb Code    18  stm32f0xx_dma.o(.text)
    DMA_ClearFlag                            0x08000a53   Thumb Code     8  stm32f0xx_dma.o(.text)
    DMA_GetITStatus                          0x08000a5b   Thumb Code    18  stm32f0xx_dma.o(.text)
    DMA_ClearITPendingBit                    0x08000a6d   Thumb Code     8  stm32f0xx_dma.o(.text)
    EXTI_DeInit                              0x08000a81   Thumb Code    20  stm32f0xx_exti.o(.text)
    EXTI_Init                                0x08000a95   Thumb Code   102  stm32f0xx_exti.o(.text)
    EXTI_StructInit                          0x08000afb   Thumb Code    14  stm32f0xx_exti.o(.text)
    EXTI_GenerateSWInterrupt                 0x08000b09   Thumb Code    10  stm32f0xx_exti.o(.text)
    EXTI_GetFlagStatus                       0x08000b13   Thumb Code    16  stm32f0xx_exti.o(.text)
    EXTI_ClearFlag                           0x08000b23   Thumb Code     6  stm32f0xx_exti.o(.text)
    EXTI_GetITStatus                         0x08000b29   Thumb Code    24  stm32f0xx_exti.o(.text)
    EXTI_ClearITPendingBit                   0x08000b41   Thumb Code     6  stm32f0xx_exti.o(.text)
    GPIO_DeInit                              0x08000b55   Thumb Code    78  stm32f0xx_gpio.o(.text)
    GPIO_Init                                0x08000ba3   Thumb Code   112  stm32f0xx_gpio.o(.text)
    GPIO_StructInit                          0x08000c13   Thumb Code    18  stm32f0xx_gpio.o(.text)
    GPIO_PinLockConfig                       0x08000c25   Thumb Code    26  stm32f0xx_gpio.o(.text)
    GPIO_ReadInputDataBit                    0x08000c3f   Thumb Code    14  stm32f0xx_gpio.o(.text)
    GPIO_ReadInputData                       0x08000c4d   Thumb Code     4  stm32f0xx_gpio.o(.text)
    GPIO_ReadOutputDataBit                   0x08000c51   Thumb Code    14  stm32f0xx_gpio.o(.text)
    GPIO_ReadOutputData                      0x08000c5f   Thumb Code     4  stm32f0xx_gpio.o(.text)
    GPIO_SetBits                             0x08000c63   Thumb Code     4  stm32f0xx_gpio.o(.text)
    GPIO_ResetBits                           0x08000c67   Thumb Code     4  stm32f0xx_gpio.o(.text)
    GPIO_WriteBit                            0x08000c6b   Thumb Code    12  stm32f0xx_gpio.o(.text)
    GPIO_Write                               0x08000c77   Thumb Code     4  stm32f0xx_gpio.o(.text)
    GPIO_PinAFConfig                         0x08000c7b   Thumb Code    32  stm32f0xx_gpio.o(.text)
    NVIC_Init                                0x08000cb1   Thumb Code    70  stm32f0xx_misc.o(.text)
    NVIC_SystemLPConfig                      0x08000cf7   Thumb Code    18  stm32f0xx_misc.o(.text)
    SysTick_CLKSourceConfig                  0x08000d09   Thumb Code    20  stm32f0xx_misc.o(.text)
    RCC_DeInit                               0x08000d2d   Thumb Code    78  stm32f0xx_rcc.o(.text)
    RCC_HSEConfig                            0x08000d7b   Thumb Code    10  stm32f0xx_rcc.o(.text)
    RCC_GetFlagStatus                        0x08000d85   Thumb Code    48  stm32f0xx_rcc.o(.text)
    RCC_WaitForHSEStartUp                    0x08000db5   Thumb Code    44  stm32f0xx_rcc.o(.text)
    RCC_AdjustHSICalibrationValue            0x08000de1   Thumb Code    16  stm32f0xx_rcc.o(.text)
    RCC_HSICmd                               0x08000df1   Thumb Code    22  stm32f0xx_rcc.o(.text)
    RCC_AdjustHSI14CalibrationValue          0x08000e07   Thumb Code    16  stm32f0xx_rcc.o(.text)
    RCC_HSI14Cmd                             0x08000e17   Thumb Code    22  stm32f0xx_rcc.o(.text)
    RCC_HSI14ADCRequestCmd                   0x08000e2d   Thumb Code    20  stm32f0xx_rcc.o(.text)
    RCC_LSEConfig                            0x08000e41   Thumb Code    26  stm32f0xx_rcc.o(.text)
    RCC_LSEDriveConfig                       0x08000e5b   Thumb Code    18  stm32f0xx_rcc.o(.text)
    RCC_LSICmd                               0x08000e6d   Thumb Code    22  stm32f0xx_rcc.o(.text)
    RCC_PLLConfig                            0x08000e83   Thumb Code    24  stm32f0xx_rcc.o(.text)
    RCC_PLLCmd                               0x08000e9b   Thumb Code    22  stm32f0xx_rcc.o(.text)
    RCC_PREDIV1Config                        0x08000eb1   Thumb Code    14  stm32f0xx_rcc.o(.text)
    RCC_ClockSecuritySystemCmd               0x08000ebf   Thumb Code    22  stm32f0xx_rcc.o(.text)
    RCC_MCOConfig                            0x08000ed5   Thumb Code     6  stm32f0xx_rcc.o(.text)
    RCC_SYSCLKConfig                         0x08000edb   Thumb Code    14  stm32f0xx_rcc.o(.text)
    RCC_GetSYSCLKSource                      0x08000ee9   Thumb Code    10  stm32f0xx_rcc.o(.text)
    RCC_HCLKConfig                           0x08000ef3   Thumb Code    14  stm32f0xx_rcc.o(.text)
    RCC_PCLKConfig                           0x08000f01   Thumb Code    16  stm32f0xx_rcc.o(.text)
    RCC_ADCCLKConfig                         0x08000f11   Thumb Code    38  stm32f0xx_rcc.o(.text)
    RCC_CECCLKConfig                         0x08000f37   Thumb Code    18  stm32f0xx_rcc.o(.text)
    RCC_I2CCLKConfig                         0x08000f49   Thumb Code    18  stm32f0xx_rcc.o(.text)
    RCC_USARTCLKConfig                       0x08000f5b   Thumb Code    18  stm32f0xx_rcc.o(.text)
    RCC_GetClocksFreq                        0x08000f6d   Thumb Code   208  stm32f0xx_rcc.o(.text)
    RCC_RTCCLKConfig                         0x0800103d   Thumb Code    10  stm32f0xx_rcc.o(.text)
    RCC_RTCCLKCmd                            0x08001047   Thumb Code    20  stm32f0xx_rcc.o(.text)
    RCC_BackupResetCmd                       0x0800105b   Thumb Code    22  stm32f0xx_rcc.o(.text)
    RCC_AHBPeriphClockCmd                    0x08001071   Thumb Code    18  stm32f0xx_rcc.o(.text)
    RCC_APB2PeriphClockCmd                   0x08001083   Thumb Code    18  stm32f0xx_rcc.o(.text)
    RCC_APB1PeriphClockCmd                   0x08001095   Thumb Code    18  stm32f0xx_rcc.o(.text)
    RCC_AHBPeriphResetCmd                    0x080010a7   Thumb Code    18  stm32f0xx_rcc.o(.text)
    RCC_APB2PeriphResetCmd                   0x080010b9   Thumb Code    18  stm32f0xx_rcc.o(.text)
    RCC_APB1PeriphResetCmd                   0x080010cb   Thumb Code    18  stm32f0xx_rcc.o(.text)
    RCC_ITConfig                             0x080010dd   Thumb Code    18  stm32f0xx_rcc.o(.text)
    RCC_ClearFlag                            0x080010ef   Thumb Code    14  stm32f0xx_rcc.o(.text)
    RCC_GetITStatus                          0x080010fd   Thumb Code    48  stm32f0xx_rcc.o(.text)
    RCC_ClearITPendingBit                    0x0800112d   Thumb Code     6  stm32f0xx_rcc.o(.text)
    SYSCFG_DeInit                            0x08001139   Thumb Code    30  stm32f0xx_syscfg.o(.text)
    SYSCFG_MemoryRemapConfig                 0x08001157   Thumb Code    14  stm32f0xx_syscfg.o(.text)
    SYSCFG_DMAChannelRemapConfig             0x08001165   Thumb Code    18  stm32f0xx_syscfg.o(.text)
    SYSCFG_I2CFastModePlusConfig             0x08001177   Thumb Code    18  stm32f0xx_syscfg.o(.text)
    SYSCFG_EXTILineConfig                    0x08001189   Thumb Code    34  stm32f0xx_syscfg.o(.text)
    SYSCFG_BreakConfig                       0x080011ab   Thumb Code    10  stm32f0xx_syscfg.o(.text)
    SYSCFG_GetFlagStatus                     0x080011b5   Thumb Code    14  stm32f0xx_syscfg.o(.text)
    SYSCFG_ClearFlag                         0x080011c3   Thumb Code    10  stm32f0xx_syscfg.o(.text)
    TIM_DeInit                               0x080011d1   Thumb Code   152  stm32f0xx_tim.o(.text)
    TIM_TimeBaseInit                         0x08001269   Thumb Code    88  stm32f0xx_tim.o(.text)
    TIM_TimeBaseStructInit                   0x080012c1   Thumb Code    18  stm32f0xx_tim.o(.text)
    TIM_PrescalerConfig                      0x080012d3   Thumb Code     6  stm32f0xx_tim.o(.text)
    TIM_CounterModeConfig                    0x080012d9   Thumb Code    12  stm32f0xx_tim.o(.text)
    TIM_SetCounter                           0x080012e5   Thumb Code     4  stm32f0xx_tim.o(.text)
    TIM_SetAutoreload                        0x080012e9   Thumb Code     4  stm32f0xx_tim.o(.text)
    TIM_GetCounter                           0x080012ed   Thumb Code     4  stm32f0xx_tim.o(.text)
    TIM_GetPrescaler                         0x080012f1   Thumb Code     4  stm32f0xx_tim.o(.text)
    TIM_UpdateDisableConfig                  0x080012f5   Thumb Code    18  stm32f0xx_tim.o(.text)
    TIM_UpdateRequestConfig                  0x08001307   Thumb Code    18  stm32f0xx_tim.o(.text)
    TIM_ARRPreloadConfig                     0x08001319   Thumb Code    18  stm32f0xx_tim.o(.text)
    TIM_SelectOnePulseMode                   0x0800132b   Thumb Code    16  stm32f0xx_tim.o(.text)
    TIM_SetClockDivision                     0x0800133b   Thumb Code    16  stm32f0xx_tim.o(.text)
    TIM_Cmd                                  0x0800134b   Thumb Code    20  stm32f0xx_tim.o(.text)
    TIM_BDTRConfig                           0x0800135f   Thumb Code    34  stm32f0xx_tim.o(.text)
    TIM_BDTRStructInit                       0x08001381   Thumb Code    18  stm32f0xx_tim.o(.text)
    TIM_CtrlPWMOutputs                       0x08001393   Thumb Code    24  stm32f0xx_tim.o(.text)
    TIM_OC1Init                              0x080013ab   Thumb Code   104  stm32f0xx_tim.o(.text)
    TIM_OC2Init                              0x08001413   Thumb Code   110  stm32f0xx_tim.o(.text)
    TIM_OC3Init                              0x08001481   Thumb Code   110  stm32f0xx_tim.o(.text)
    TIM_OC4Init                              0x080014ef   Thumb Code    78  stm32f0xx_tim.o(.text)
    TIM_OCStructInit                         0x0800153d   Thumb Code    20  stm32f0xx_tim.o(.text)
    TIM_SelectOCxM                           0x08001551   Thumb Code    70  stm32f0xx_tim.o(.text)
    TIM_SetCompare1                          0x08001597   Thumb Code     4  stm32f0xx_tim.o(.text)
    TIM_SetCompare2                          0x0800159b   Thumb Code     4  stm32f0xx_tim.o(.text)
    TIM_SetCompare3                          0x0800159f   Thumb Code     4  stm32f0xx_tim.o(.text)
    TIM_SetCompare4                          0x080015a3   Thumb Code     4  stm32f0xx_tim.o(.text)
    TIM_ForcedOC1Config                      0x080015a7   Thumb Code    86  stm32f0xx_tim.o(.text)
    TIM_ForcedOC2Config                      0x080015fd   Thumb Code    14  stm32f0xx_tim.o(.text)
    TIM_ForcedOC3Config                      0x0800160b   Thumb Code    12  stm32f0xx_tim.o(.text)
    TIM_ForcedOC4Config                      0x08001617   Thumb Code    14  stm32f0xx_tim.o(.text)
    TIM_CCPreloadControl                     0x08001625   Thumb Code    20  stm32f0xx_tim.o(.text)
    TIM_OC1PreloadConfig                     0x08001639   Thumb Code    12  stm32f0xx_tim.o(.text)
    TIM_OC2PreloadConfig                     0x08001645   Thumb Code    14  stm32f0xx_tim.o(.text)
    TIM_OC3PreloadConfig                     0x08001653   Thumb Code    12  stm32f0xx_tim.o(.text)
    TIM_OC4PreloadConfig                     0x0800165f   Thumb Code    14  stm32f0xx_tim.o(.text)
    TIM_OC1FastConfig                        0x0800166d   Thumb Code    12  stm32f0xx_tim.o(.text)
    TIM_OC2FastConfig                        0x08001679   Thumb Code    14  stm32f0xx_tim.o(.text)
    TIM_OC3FastConfig                        0x08001687   Thumb Code    12  stm32f0xx_tim.o(.text)
    TIM_OC4FastConfig                        0x08001693   Thumb Code    14  stm32f0xx_tim.o(.text)
    TIM_ClearOC1Ref                          0x080016a1   Thumb Code    12  stm32f0xx_tim.o(.text)
    TIM_ClearOC2Ref                          0x080016ad   Thumb Code    14  stm32f0xx_tim.o(.text)
    TIM_ClearOC3Ref                          0x080016bb   Thumb Code    12  stm32f0xx_tim.o(.text)
    TIM_ClearOC4Ref                          0x080016c7   Thumb Code    14  stm32f0xx_tim.o(.text)
    TIM_OC1PolarityConfig                    0x080016d5   Thumb Code    12  stm32f0xx_tim.o(.text)
    TIM_OC1NPolarityConfig                   0x080016e1   Thumb Code    12  stm32f0xx_tim.o(.text)
    TIM_OC2PolarityConfig                    0x080016ed   Thumb Code    14  stm32f0xx_tim.o(.text)
    TIM_OC2NPolarityConfig                   0x080016fb   Thumb Code    14  stm32f0xx_tim.o(.text)
    TIM_OC3PolarityConfig                    0x08001709   Thumb Code    14  stm32f0xx_tim.o(.text)
    TIM_OC3NPolarityConfig                   0x08001717   Thumb Code    14  stm32f0xx_tim.o(.text)
    TIM_OC4PolarityConfig                    0x08001725   Thumb Code    14  stm32f0xx_tim.o(.text)
    TIM_SelectOCREFClear                     0x08001733   Thumb Code    16  stm32f0xx_tim.o(.text)
    TIM_CCxCmd                               0x08001743   Thumb Code    22  stm32f0xx_tim.o(.text)
    TIM_CCxNCmd                              0x08001759   Thumb Code    22  stm32f0xx_tim.o(.text)
    TIM_SelectCOM                            0x0800176f   Thumb Code    18  stm32f0xx_tim.o(.text)
    TIM_SetIC4Prescaler                      0x08001781   Thumb Code    18  stm32f0xx_tim.o(.text)
    TIM_SetIC3Prescaler                      0x08001793   Thumb Code    16  stm32f0xx_tim.o(.text)
    TIM_SetIC2Prescaler                      0x080017a3   Thumb Code    18  stm32f0xx_tim.o(.text)
    TIM_SetIC1Prescaler                      0x080017df   Thumb Code    16  stm32f0xx_tim.o(.text)
    TIM_ICInit                               0x08001817   Thumb Code   162  stm32f0xx_tim.o(.text)
    TIM_ICStructInit                         0x080018b9   Thumb Code    16  stm32f0xx_tim.o(.text)
    TIM_PWMIConfig                           0x080018c9   Thumb Code   104  stm32f0xx_tim.o(.text)
    TIM_GetCapture1                          0x08001931   Thumb Code     4  stm32f0xx_tim.o(.text)
    TIM_GetCapture2                          0x08001935   Thumb Code     4  stm32f0xx_tim.o(.text)
    TIM_GetCapture3                          0x08001939   Thumb Code     4  stm32f0xx_tim.o(.text)
    TIM_GetCapture4                          0x0800193d   Thumb Code     4  stm32f0xx_tim.o(.text)
    TIM_ITConfig                             0x08001941   Thumb Code    16  stm32f0xx_tim.o(.text)
    TIM_GenerateEvent                        0x08001951   Thumb Code     4  stm32f0xx_tim.o(.text)
    TIM_GetFlagStatus                        0x08001955   Thumb Code    14  stm32f0xx_tim.o(.text)
    TIM_ClearFlag                            0x08001963   Thumb Code     6  stm32f0xx_tim.o(.text)
    TIM_GetITStatus                          0x08001969   Thumb Code    24  stm32f0xx_tim.o(.text)
    TIM_ClearITPendingBit                    0x08001981   Thumb Code     6  stm32f0xx_tim.o(.text)
    TIM_DMAConfig                            0x08001987   Thumb Code     8  stm32f0xx_tim.o(.text)
    TIM_DMACmd                               0x0800198f   Thumb Code    16  stm32f0xx_tim.o(.text)
    TIM_SelectCCDMA                          0x0800199f   Thumb Code    18  stm32f0xx_tim.o(.text)
    TIM_InternalClockConfig                  0x080019b1   Thumb Code    10  stm32f0xx_tim.o(.text)
    TIM_SelectInputTrigger                   0x080019bb   Thumb Code    12  stm32f0xx_tim.o(.text)
    TIM_ITRxExternalClockConfig              0x080019c7   Thumb Code    62  stm32f0xx_tim.o(.text)
    TIM_TIxExternalClockConfig               0x08001a05   Thumb Code    48  stm32f0xx_tim.o(.text)
    TIM_ETRConfig                            0x08001a35   Thumb Code    18  stm32f0xx_tim.o(.text)
    TIM_ETRClockMode1Config                  0x08001a47   Thumb Code    28  stm32f0xx_tim.o(.text)
    TIM_ETRClockMode2Config                  0x08001a63   Thumb Code    20  stm32f0xx_tim.o(.text)
    TIM_SelectOutputTrigger                  0x08001a77   Thumb Code    16  stm32f0xx_tim.o(.text)
    TIM_SelectSlaveMode                      0x08001a87   Thumb Code    16  stm32f0xx_tim.o(.text)
    TIM_SelectMasterSlaveMode                0x08001a97   Thumb Code    16  stm32f0xx_tim.o(.text)
    TIM_EncoderInterfaceConfig               0x08001aa7   Thumb Code    42  stm32f0xx_tim.o(.text)
    TIM_SelectHallSensor                     0x08001ad1   Thumb Code    18  stm32f0xx_tim.o(.text)
    TIM_RemapConfig                          0x08001ae3   Thumb Code     6  stm32f0xx_tim.o(.text)
    USART_DeInit                             0x08001aed   Thumb Code    54  stm32f0xx_usart.o(.text)
    USART_Init                               0x08001b23   Thumb Code   166  stm32f0xx_usart.o(.text)
    USART_StructInit                         0x08001bc9   Thumb Code    22  stm32f0xx_usart.o(.text)
    USART_ClockInit                          0x08001bdf   Thumb Code    28  stm32f0xx_usart.o(.text)
    USART_ClockStructInit                    0x08001bfb   Thumb Code    12  stm32f0xx_usart.o(.text)
    USART_Cmd                                0x08001c07   Thumb Code    20  stm32f0xx_usart.o(.text)
    USART_DirectionModeCmd                   0x08001c1b   Thumb Code    16  stm32f0xx_usart.o(.text)
    USART_OverSampling8Cmd                   0x08001c2b   Thumb Code    20  stm32f0xx_usart.o(.text)
    USART_OneBitMethodCmd                    0x08001c3f   Thumb Code    20  stm32f0xx_usart.o(.text)
    USART_MSBFirstCmd                        0x08001c53   Thumb Code    20  stm32f0xx_usart.o(.text)
    USART_DataInvCmd                         0x08001c67   Thumb Code    20  stm32f0xx_usart.o(.text)
    USART_InvPinCmd                          0x08001c7b   Thumb Code    16  stm32f0xx_usart.o(.text)
    USART_SWAPPinCmd                         0x08001c8b   Thumb Code    20  stm32f0xx_usart.o(.text)
    USART_ReceiverTimeOutCmd                 0x08001c9f   Thumb Code    20  stm32f0xx_usart.o(.text)
    USART_SetReceiverTimeOut                 0x08001cb3   Thumb Code    16  stm32f0xx_usart.o(.text)
    USART_SetPrescaler                       0x08001cc3   Thumb Code    16  stm32f0xx_usart.o(.text)
    USART_STOPModeCmd                        0x08001cd3   Thumb Code    18  stm32f0xx_usart.o(.text)
    USART_StopModeWakeUpSourceConfig         0x08001ce5   Thumb Code    18  stm32f0xx_usart.o(.text)
    USART_AutoBaudRateCmd                    0x08001cf7   Thumb Code    20  stm32f0xx_usart.o(.text)
    USART_AutoBaudRateConfig                 0x08001d0b   Thumb Code    18  stm32f0xx_usart.o(.text)
    USART_AutoBaudRateNewRequest             0x08001d1d   Thumb Code    12  stm32f0xx_usart.o(.text)
    USART_SendData                           0x08001d29   Thumb Code     8  stm32f0xx_usart.o(.text)
    USART_ReceiveData                        0x08001d31   Thumb Code     8  stm32f0xx_usart.o(.text)
    USART_SetAddress                         0x08001d39   Thumb Code    18  stm32f0xx_usart.o(.text)
    USART_MuteModeCmd                        0x08001d4b   Thumb Code    20  stm32f0xx_usart.o(.text)
    USART_MuteModeWakeUpConfig               0x08001d5f   Thumb Code    18  stm32f0xx_usart.o(.text)
    USART_AddressDetectionConfig             0x08001d71   Thumb Code    16  stm32f0xx_usart.o(.text)
    USART_LINBreakDetectLengthConfig         0x08001d81   Thumb Code    16  stm32f0xx_usart.o(.text)
    USART_LINCmd                             0x08001d91   Thumb Code    20  stm32f0xx_usart.o(.text)
    USART_HalfDuplexCmd                      0x08001da5   Thumb Code    18  stm32f0xx_usart.o(.text)
    USART_SetGuardTime                       0x08001db7   Thumb Code    16  stm32f0xx_usart.o(.text)
    USART_SmartCardCmd                       0x08001dc7   Thumb Code    18  stm32f0xx_usart.o(.text)
    USART_SmartCardNACKCmd                   0x08001dd9   Thumb Code    18  stm32f0xx_usart.o(.text)
    USART_SetAutoRetryCount                  0x08001deb   Thumb Code    20  stm32f0xx_usart.o(.text)
    USART_SetBlockLength                     0x08001dff   Thumb Code    18  stm32f0xx_usart.o(.text)
    USART_IrDAConfig                         0x08001e11   Thumb Code    16  stm32f0xx_usart.o(.text)
    USART_IrDACmd                            0x08001e21   Thumb Code    18  stm32f0xx_usart.o(.text)
    USART_DECmd                              0x08001e33   Thumb Code    20  stm32f0xx_usart.o(.text)
    USART_DEPolarityConfig                   0x08001e47   Thumb Code    18  stm32f0xx_usart.o(.text)
    USART_SetDEAssertionTime                 0x08001e59   Thumb Code    20  stm32f0xx_usart.o(.text)
    USART_SetDEDeassertionTime               0x08001e6d   Thumb Code    20  stm32f0xx_usart.o(.text)
    USART_DMACmd                             0x08001e81   Thumb Code    16  stm32f0xx_usart.o(.text)
    USART_DMAReceptionErrorConfig            0x08001e91   Thumb Code    18  stm32f0xx_usart.o(.text)
    USART_ITConfig                           0x08001ea3   Thumb Code    54  stm32f0xx_usart.o(.text)
    USART_RequestCmd                         0x08001ed9   Thumb Code    16  stm32f0xx_usart.o(.text)
    USART_OverrunDetectionConfig             0x08001ee9   Thumb Code    18  stm32f0xx_usart.o(.text)
    USART_GetFlagStatus                      0x08001efb   Thumb Code    14  stm32f0xx_usart.o(.text)
    USART_ClearFlag                          0x08001f09   Thumb Code     4  stm32f0xx_usart.o(.text)
    USART_GetITStatus                        0x08001f0d   Thumb Code    56  stm32f0xx_usart.o(.text)
    USART_ClearITPendingBit                  0x08001f45   Thumb Code    10  stm32f0xx_usart.o(.text)
    ADC_DeInit                               0x08001f51   Thumb Code    28  stm32f0xx_adc.o(.text)
    ADC_Init                                 0x08001f6d   Thumb Code    38  stm32f0xx_adc.o(.text)
    ADC_StructInit                           0x08001f93   Thumb Code    16  stm32f0xx_adc.o(.text)
    ADC_Cmd                                  0x08001fa3   Thumb Code    18  stm32f0xx_adc.o(.text)
    ADC_JitterCmd                            0x08001fb5   Thumb Code    16  stm32f0xx_adc.o(.text)
    ADC_AutoPowerOffCmd                      0x08001fc5   Thumb Code    20  stm32f0xx_adc.o(.text)
    ADC_WaitModeCmd                          0x08001fd9   Thumb Code    20  stm32f0xx_adc.o(.text)
    ADC_AnalogWatchdogCmd                    0x08001fed   Thumb Code    20  stm32f0xx_adc.o(.text)
    ADC_AnalogWatchdogThresholdsConfig       0x08002001   Thumb Code     8  stm32f0xx_adc.o(.text)
    ADC_AnalogWatchdogSingleChannelConfig    0x08002009   Thumb Code    14  stm32f0xx_adc.o(.text)
    ADC_AnalogWatchdogSingleChannelCmd       0x08002017   Thumb Code    20  stm32f0xx_adc.o(.text)
    ADC_TempSensorCmd                        0x0800202b   Thumb Code    22  stm32f0xx_adc.o(.text)
    ADC_VrefintCmd                           0x08002041   Thumb Code    22  stm32f0xx_adc.o(.text)
    ADC_VbatCmd                              0x08002057   Thumb Code    22  stm32f0xx_adc.o(.text)
    ADC_ChannelConfig                        0x0800206d   Thumb Code    10  stm32f0xx_adc.o(.text)
    ADC_ContinuousModeCmd                    0x08002077   Thumb Code    20  stm32f0xx_adc.o(.text)
    ADC_DiscModeCmd                          0x0800208b   Thumb Code    20  stm32f0xx_adc.o(.text)
    ADC_OverrunModeCmd                       0x0800209f   Thumb Code    20  stm32f0xx_adc.o(.text)
    ADC_GetCalibrationFactor                 0x080020b3   Thumb Code    46  stm32f0xx_adc.o(.text)
    ADC_StopOfConversion                     0x080020e1   Thumb Code    10  stm32f0xx_adc.o(.text)
    ADC_StartOfConversion                    0x080020eb   Thumb Code    10  stm32f0xx_adc.o(.text)
    ADC_GetConversionValue                   0x080020f5   Thumb Code     6  stm32f0xx_adc.o(.text)
    ADC_DMACmd                               0x080020fb   Thumb Code    20  stm32f0xx_adc.o(.text)
    ADC_DMARequestModeConfig                 0x0800210f   Thumb Code    16  stm32f0xx_adc.o(.text)
    ADC_ITConfig                             0x0800211f   Thumb Code    16  stm32f0xx_adc.o(.text)
    ADC_GetFlagStatus                        0x0800212f   Thumb Code    28  stm32f0xx_adc.o(.text)
    ADC_ClearFlag                            0x0800214b   Thumb Code     4  stm32f0xx_adc.o(.text)
    ADC_GetITStatus                          0x0800214f   Thumb Code    22  stm32f0xx_adc.o(.text)
    ADC_ClearITPendingBit                    0x08002165   Thumb Code     4  stm32f0xx_adc.o(.text)
    SPI_I2S_DeInit                           0x08002175   Thumb Code    54  stm32f0xx_spi.o(.text)
    SPI_StructInit                           0x080021ab   Thumb Code    28  stm32f0xx_spi.o(.text)
    SPI_Init                                 0x080021c7   Thumb Code    74  stm32f0xx_spi.o(.text)
    I2S_StructInit                           0x08002211   Thumb Code    18  stm32f0xx_spi.o(.text)
    I2S_Init                                 0x08002223   Thumb Code   154  stm32f0xx_spi.o(.text)
    SPI_Cmd                                  0x080022bd   Thumb Code    18  stm32f0xx_spi.o(.text)
    SPI_TIModeCmd                            0x080022cf   Thumb Code    18  stm32f0xx_spi.o(.text)
    I2S_Cmd                                  0x080022e1   Thumb Code    22  stm32f0xx_spi.o(.text)
    SPI_DataSizeConfig                       0x080022f7   Thumb Code    12  stm32f0xx_spi.o(.text)
    SPI_RxFIFOThresholdConfig                0x08002303   Thumb Code    16  stm32f0xx_spi.o(.text)
    SPI_BiDirectionalLineConfig              0x08002313   Thumb Code    22  stm32f0xx_spi.o(.text)
    SPI_NSSInternalSoftwareConfig            0x08002329   Thumb Code    22  stm32f0xx_spi.o(.text)
    SPI_SSOutputCmd                          0x0800233f   Thumb Code    18  stm32f0xx_spi.o(.text)
    SPI_NSSPulseModeCmd                      0x08002351   Thumb Code    18  stm32f0xx_spi.o(.text)
    SPI_SendData8                            0x08002363   Thumb Code     4  stm32f0xx_spi.o(.text)
    SPI_I2S_SendData16                       0x08002367   Thumb Code     4  stm32f0xx_spi.o(.text)
    SPI_ReceiveData8                         0x0800236b   Thumb Code     4  stm32f0xx_spi.o(.text)
    SPI_I2S_ReceiveData16                    0x0800236f   Thumb Code     4  stm32f0xx_spi.o(.text)
    SPI_CRCLengthConfig                      0x08002373   Thumb Code    16  stm32f0xx_spi.o(.text)
    SPI_CalculateCRC                         0x08002383   Thumb Code    22  stm32f0xx_spi.o(.text)
    SPI_TransmitCRC                          0x08002399   Thumb Code    12  stm32f0xx_spi.o(.text)
    SPI_GetCRC                               0x080023a5   Thumb Code    12  stm32f0xx_spi.o(.text)
    SPI_GetCRCPolynomial                     0x080023b1   Thumb Code     4  stm32f0xx_spi.o(.text)
    SPI_I2S_DMACmd                           0x080023b5   Thumb Code    16  stm32f0xx_spi.o(.text)
    SPI_LastDMATransferCmd                   0x080023c5   Thumb Code    16  stm32f0xx_spi.o(.text)
    SPI_I2S_ITConfig                         0x080023d5   Thumb Code    24  stm32f0xx_spi.o(.text)
    SPI_GetTransmissionFIFOStatus            0x080023ed   Thumb Code    10  stm32f0xx_spi.o(.text)
    SPI_GetReceptionFIFOStatus               0x080023f7   Thumb Code    10  stm32f0xx_spi.o(.text)
    SPI_I2S_GetFlagStatus                    0x08002401   Thumb Code    14  stm32f0xx_spi.o(.text)
    SPI_I2S_ClearFlag                        0x0800240f   Thumb Code     6  stm32f0xx_spi.o(.text)
    SPI_I2S_GetITStatus                      0x08002415   Thumb Code    42  stm32f0xx_spi.o(.text)
    Reset_Handler                            0x08002469   Thumb Code     8  startup_stm32f0xx.o(.text)
    ADC1_COMP_IRQHandler                     0x0800247b   Thumb Code     0  startup_stm32f0xx.o(.text)
    CEC_IRQHandler                           0x0800247b   Thumb Code     0  startup_stm32f0xx.o(.text)
    DMA1_Channel2_3_IRQHandler               0x0800247b   Thumb Code     0  startup_stm32f0xx.o(.text)
    DMA1_Channel4_5_IRQHandler               0x0800247b   Thumb Code     0  startup_stm32f0xx.o(.text)
    EXTI2_3_IRQHandler                       0x0800247b   Thumb Code     0  startup_stm32f0xx.o(.text)
    EXTI4_15_IRQHandler                      0x0800247b   Thumb Code     0  startup_stm32f0xx.o(.text)
    FLASH_IRQHandler                         0x0800247b   Thumb Code     0  startup_stm32f0xx.o(.text)
    I2C1_IRQHandler                          0x0800247b   Thumb Code     0  startup_stm32f0xx.o(.text)
    I2C2_IRQHandler                          0x0800247b   Thumb Code     0  startup_stm32f0xx.o(.text)
    PVD_IRQHandler                           0x0800247b   Thumb Code     0  startup_stm32f0xx.o(.text)
    RCC_IRQHandler                           0x0800247b   Thumb Code     0  startup_stm32f0xx.o(.text)
    RTC_IRQHandler                           0x0800247b   Thumb Code     0  startup_stm32f0xx.o(.text)
    SPI1_IRQHandler                          0x0800247b   Thumb Code     0  startup_stm32f0xx.o(.text)
    SPI2_IRQHandler                          0x0800247b   Thumb Code     0  startup_stm32f0xx.o(.text)
    TIM14_IRQHandler                         0x0800247b   Thumb Code     0  startup_stm32f0xx.o(.text)
    TIM15_IRQHandler                         0x0800247b   Thumb Code     0  startup_stm32f0xx.o(.text)
    TIM16_IRQHandler                         0x0800247b   Thumb Code     0  startup_stm32f0xx.o(.text)
    TIM17_IRQHandler                         0x0800247b   Thumb Code     0  startup_stm32f0xx.o(.text)
    TIM1_BRK_UP_TRG_COM_IRQHandler           0x0800247b   Thumb Code     0  startup_stm32f0xx.o(.text)
    TIM1_CC_IRQHandler                       0x0800247b   Thumb Code     0  startup_stm32f0xx.o(.text)
    TIM6_DAC_IRQHandler                      0x0800247b   Thumb Code     0  startup_stm32f0xx.o(.text)
    TS_IRQHandler                            0x0800247b   Thumb Code     0  startup_stm32f0xx.o(.text)
    USART1_IRQHandler                        0x0800247b   Thumb Code     0  startup_stm32f0xx.o(.text)
    USART2_IRQHandler                        0x0800247b   Thumb Code     0  startup_stm32f0xx.o(.text)
    WWDG_IRQHandler                          0x0800247b   Thumb Code     0  startup_stm32f0xx.o(.text)
    SystemInit                               0x08002485   Thumb Code    84  system_stm32f0xx.o(.text)
    SystemCoreClockUpdate                    0x080024d9   Thumb Code    90  system_stm32f0xx.o(.text)
    __aeabi_uidiv                            0x080025dd   Thumb Code     0  uidiv.o(.text)
    __aeabi_uidivmod                         0x080025dd   Thumb Code    44  uidiv.o(.text)
    __aeabi_idiv                             0x08002609   Thumb Code     0  idiv.o(.text)
    __aeabi_idivmod                          0x08002609   Thumb Code    40  idiv.o(.text)
    __aeabi_memset                           0x08002631   Thumb Code    14  memseta.o(.text)
    __aeabi_memset4                          0x08002631   Thumb Code     0  memseta.o(.text)
    __aeabi_memset8                          0x08002631   Thumb Code     0  memseta.o(.text)
    __aeabi_memclr                           0x0800263f   Thumb Code     4  memseta.o(.text)
    __aeabi_memclr4                          0x0800263f   Thumb Code     0  memseta.o(.text)
    __aeabi_memclr8                          0x0800263f   Thumb Code     0  memseta.o(.text)
    _memset$wrapper                          0x08002643   Thumb Code    18  memseta.o(.text)
    __scatterload                            0x08002655   Thumb Code    28  init.o(.text)
    __scatterload_rt2                        0x08002655   Thumb Code     0  init.o(.text)
    __scatterload_copy                       0x08002679   Thumb Code    14  handlers.o(i.__scatterload_copy)
    __scatterload_null                       0x08002687   Thumb Code     2  handlers.o(i.__scatterload_null)
    __scatterload_zeroinit                   0x08002689   Thumb Code    14  handlers.o(i.__scatterload_zeroinit)
    BUTTON_PIN                               0x08002698   Data           2  stm32f0_discovery.o(.constdata)
    BUTTON_EXTI_LINE                         0x0800269a   Data           2  stm32f0_discovery.o(.constdata)
    BUTTON_PORT_SOURCE                       0x0800269c   Data           2  stm32f0_discovery.o(.constdata)
    BUTTON_PIN_SOURCE                        0x0800269e   Data           2  stm32f0_discovery.o(.constdata)
    BUTTON_IRQn                              0x080026a0   Data           2  stm32f0_discovery.o(.constdata)
    GPIO_PIN                                 0x080026a2   Data           4  stm32f0_discovery.o(.constdata)
    BUTTON_CLK                               0x080026a8   Data           4  stm32f0_discovery.o(.constdata)
    GPIO_CLK                                 0x080026ac   Data           8  stm32f0_discovery.o(.constdata)
    Region$$Table$$Base                      0x080026b4   Number         0  anon$$obj.o(Region$$Table)
    Region$$Table$$Limit                     0x080026d4   Number         0  anon$$obj.o(Region$$Table)
    adc                                      0x20000000   Data           2  main2.o(.data)
    playfield                                0x20000002   Data           8  main2.o(.data)
    verticalpos                              0x20000010   Data           1  stm32f0xx_it.o(.data)
    horizontalpos                            0x20000011   Data           1  stm32f0xx_it.o(.data)
    hdir                                     0x20000012   Data           1  stm32f0xx_it.o(.data)
    vdir                                     0x20000013   Data           1  stm32f0xx_it.o(.data)
    DMA_EndOfTransfer                        0x20000014   Data           4  stm32f0xx_it.o(.data)
    BUTTON_PORT                              0x20000018   Data           4  stm32f0_discovery.o(.data)
    GPIO_PORT                                0x2000001c   Data           8  stm32f0_discovery.o(.data)
    SystemCoreClock                          0x20000034   Data           4  system_stm32f0xx.o(.data)
    AHBPrescTable                            0x20000038   Data          16  system_stm32f0xx.o(.data)
    RxBuffer                                 0x20000048   Data          11  main2.o(.bss)
    __initial_sp                             0x20000458   Data           0  startup_stm32f0xx.o(STACK)



==============================================================================

Memory Map of the image

  Image Entry point : 0x080000c1

  Load Region LR_IROM1 (Base: 0x08000000, Size: 0x0000271c, Max: 0x00010000, ABSOLUTE)

    Execution Region ER_IROM1 (Exec base: 0x08000000, Load base: 0x08000000, Size: 0x000026d4, Max: 0x00010000, ABSOLUTE)

    Exec Addr    Load Addr    Size         Type   Attr      Idx    E Section Name        Object

    0x08000000   0x08000000   0x000000c0   Data   RO          372    RESET               startup_stm32f0xx.o
    0x080000c0   0x080000c0   0x00000000   Code   RO          399  * .ARM.Collect$$$$00000000  mc_p.l(entry.o)
    0x080000c0   0x080000c0   0x00000004   Code   RO          408    .ARM.Collect$$$$00000001  mc_p.l(entry2.o)
    0x080000c4   0x080000c4   0x00000004   Code   RO          411    .ARM.Collect$$$$00000004  mc_p.l(entry5.o)
    0x080000c8   0x080000c8   0x00000000   Code   RO          413    .ARM.Collect$$$$00000008  mc_p.l(entry7b.o)
    0x080000c8   0x080000c8   0x00000000   Code   RO          415    .ARM.Collect$$$$0000000A  mc_p.l(entry8b.o)
    0x080000c8   0x080000c8   0x00000008   Code   RO          416    .ARM.Collect$$$$0000000B  mc_p.l(entry9a.o)
    0x080000d0   0x080000d0   0x00000004   Code   RO          423    .ARM.Collect$$$$0000000E  mc_p.l(entry12b.o)
    0x080000d4   0x080000d4   0x00000000   Code   RO          418    .ARM.Collect$$$$0000000F  mc_p.l(entry10a.o)
    0x080000d4   0x080000d4   0x00000000   Code   RO          420    .ARM.Collect$$$$00000011  mc_p.l(entry11a.o)
    0x080000d4   0x080000d4   0x00000004   Code   RO          409    .ARM.Collect$$$$00002712  mc_p.l(entry2.o)
    0x080000d8   0x080000d8   0x00000414   Code   RO            2    .text               main2.o
    0x080004ec   0x080004ec   0x00000290   Code   RO          118    .text               helper.o
    0x0800077c   0x0800077c   0x000000c4   Code   RO          143    .text               stm32f0xx_it.o
    0x08000840   0x08000840   0x0000011c   Code   RO          172    .text               stm32f0_discovery.o
    0x0800095c   0x0800095c   0x00000124   Code   RO          208    .text               stm32f0xx_dma.o
    0x08000a80   0x08000a80   0x000000d4   Code   RO          224    .text               stm32f0xx_exti.o
    0x08000b54   0x08000b54   0x0000015c   Code   RO          240    .text               stm32f0xx_gpio.o
    0x08000cb0   0x08000cb0   0x0000007c   Code   RO          256    .text               stm32f0xx_misc.o
    0x08000d2c   0x08000d2c   0x0000040c   Code   RO          272    .text               stm32f0xx_rcc.o
    0x08001138   0x08001138   0x00000098   Code   RO          290    .text               stm32f0xx_syscfg.o
    0x080011d0   0x080011d0   0x0000091c   Code   RO          306    .text               stm32f0xx_tim.o
    0x08001aec   0x08001aec   0x00000462   Code   RO          323    .text               stm32f0xx_usart.o
    0x08001f4e   0x08001f4e   0x00000002   PAD
    0x08001f50   0x08001f50   0x00000224   Code   RO          339    .text               stm32f0xx_adc.o
    0x08002174   0x08002174   0x000002f4   Code   RO          355    .text               stm32f0xx_spi.o
    0x08002468   0x08002468   0x0000001c   Code   RO          373    .text               startup_stm32f0xx.o
    0x08002484   0x08002484   0x00000158   Code   RO          378    .text               system_stm32f0xx.o
    0x080025dc   0x080025dc   0x0000002c   Code   RO          402    .text               mc_p.l(uidiv.o)
    0x08002608   0x08002608   0x00000028   Code   RO          404    .text               mc_p.l(idiv.o)
    0x08002630   0x08002630   0x00000024   Code   RO          406    .text               mc_p.l(memseta.o)
    0x08002654   0x08002654   0x00000024   Code   RO          424    .text               mc_p.l(init.o)
    0x08002678   0x08002678   0x0000000e   Code   RO          428    i.__scatterload_copy  mc_p.l(handlers.o)
    0x08002686   0x08002686   0x00000002   Code   RO          429    i.__scatterload_null  mc_p.l(handlers.o)
    0x08002688   0x08002688   0x0000000e   Code   RO          430    i.__scatterload_zeroinit  mc_p.l(handlers.o)
    0x08002696   0x08002696   0x00000002   PAD
    0x08002698   0x08002698   0x0000001c   Data   RO          173    .constdata          stm32f0_discovery.o
    0x080026b4   0x080026b4   0x00000020   Data   RO          426    Region$$Table       anon$$obj.o


    Execution Region RW_IRAM1 (Exec base: 0x20000000, Load base: 0x080026d4, Size: 0x00000458, Max: 0x00002000, ABSOLUTE)

    Exec Addr    Load Addr    Size         Type   Attr      Idx    E Section Name        Object

    0x20000000   0x080026d4   0x0000000a   Data   RW            4    .data               main2.o
    0x2000000a   0x080026de   0x00000002   PAD
    0x2000000c   0x080026e0   0x00000004   Data   RW          119    .data               helper.o
    0x20000010   0x080026e4   0x00000008   Data   RW          145    .data               stm32f0xx_it.o
    0x20000018   0x080026ec   0x0000000c   Data   RW          174    .data               stm32f0_discovery.o
    0x20000024   0x080026f8   0x00000010   Data   RW          273    .data               stm32f0xx_rcc.o
    0x20000034   0x08002708   0x00000014   Data   RW          379    .data               system_stm32f0xx.o
    0x20000048        -       0x0000000b   Zero   RW            3    .bss                main2.o
    0x20000053   0x0800271c   0x00000005   PAD
    0x20000058        -       0x00000400   Zero   RW          370    STACK               startup_stm32f0xx.o


==============================================================================

Image component sizes


      Code (inc. data)   RO Data    RW Data    ZI Data      Debug   Object Name

       656         24          0          4          0       4495   helper.o
      1044        138          0         10         11     169847   main2.o
        28          8        192          0       1024        604   startup_stm32f0xx.o
       284         10         28         12          0       2867   stm32f0_discovery.o
       548         12          0          0          0       7235   stm32f0xx_adc.o
       292         12          0          0          0       3714   stm32f0xx_dma.o
       212         14          0          0          0       2439   stm32f0xx_exti.o
       348         22          0          0          0       3945   stm32f0xx_gpio.o
       196         22          0          8          0       2334   stm32f0xx_it.o
       124         16          0          0          0       1480   stm32f0xx_misc.o
      1036         38          0         16          0       8882   stm32f0xx_rcc.o
       756         42          0          0          0       8051   stm32f0xx_spi.o
       152          4          0          0          0       2062   stm32f0xx_syscfg.o
      2332        122          0          0          0      22639   stm32f0xx_tim.o
      1122         12          0          0          0      12647   stm32f0xx_usart.o
       344         28          0         20          0       1707   system_stm32f0xx.o

    ----------------------------------------------------------------------
      9476        524        252         72       1040     254948   Object Totals
         0          0         32          0          0          0   (incl. Generated)
         2          0          0          2          5          0   (incl. Padding)

    ----------------------------------------------------------------------

      Code (inc. data)   RO Data    RW Data    ZI Data      Debug   Library Member Name

         0          0          0          0          0          0   entry.o
         0          0          0          0          0          0   entry10a.o
         0          0          0          0          0          0   entry11a.o
         4          0          0          0          0          0   entry12b.o
         8          4          0          0          0          0   entry2.o
         4          0          0          0          0          0   entry5.o
         0          0          0          0          0          0   entry7b.o
         0          0          0          0          0          0   entry8b.o
         8          4          0          0          0          0   entry9a.o
        30          0          0          0          0          0   handlers.o
        40          0          0          0          0         72   idiv.o
        36          8          0          0          0         68   init.o
        36          0          0          0          0        100   memseta.o
        44          0          0          0          0         72   uidiv.o

    ----------------------------------------------------------------------
       212         16          0          0          0        312   Library Totals
         2          0          0          0          0          0   (incl. Padding)

    ----------------------------------------------------------------------

      Code (inc. data)   RO Data    RW Data    ZI Data      Debug   Library Name

       210         16          0          0          0        312   mc_p.l

    ----------------------------------------------------------------------
       212         16          0          0          0        312   Library Totals

    ----------------------------------------------------------------------

==============================================================================


      Code (inc. data)   RO Data    RW Data    ZI Data      Debug   

      9688        540        252         72       1040     253212   Grand Totals
      9688        540        252         72       1040     253212   ELF Image Totals
      9688        540        252         72          0          0   ROM Totals

==============================================================================

    Total RO  Size (Code + RO Data)                 9940 (   9.71kB)
    Total RW  Size (RW Data + ZI Data)              1112 (   1.09kB)
    Total ROM Size (Code + RO Data + RW Data)      10012 (   9.78kB)

==============================================================================

